
running 1 test
lurek.ai.newWorld: agents=0
lurek.ai.newBlackboard: state=idle
lurek.ai.newStateMachine: ok=true
lurek.ai.newBehaviorTree: status=success
lurek.ai.newSelector: type=selector
lurek.ai.newSequence: type=sequence
lurek.ai.newParallel: children=0
lurek.ai.newInverter: type=inverter
lurek.ai.newRepeater: count=5
lurek.ai.newSucceeder: type=succeeder
lurek.ai.newAction: type=action
lurek.ai.newCondition: type=condition
lurek.ai.newGuard: node=guard
lurek.ai.newSteeringManager: ok=true
lurek.ai.newQLearner: ok=true
lurek.ai.newUtilityAI: ok=true
lurek.ai.newDialogueAI: ok=true
lurek.ai.newGOAPPlanner: ok=true
lurek.ai.newInfluenceMap: ok=true
lurek.ai.newSquad: name=bravo
lurek.ai.newCommandQueue: empty=true
lurek.ai.newTraitProfile: ok=true
lurek.ai.newStimulusWorld: stimuli=0
lurek.ai.newContextSteering: ok=true
lurek.ai.newNeedSystem: ok=true
lurek.ai.newAIDirector: ok=true
lurek.ai.newHTNDomain: ok=true
lurek.ai.newMCTSEngine: action=3
lurek.ai.newEmotionModel: ok=true
lurek.ai.newORCASolver: ok=true
lurek.ai.newNeuralNet: ok=true
lurek.ai.newGeneticAlgorithm: ok=true
lurek.ai.newBandit: ok=true
lurek.ai.newNeuroevolution: ok=true
lurek.ai.newStrategyAI: ok=true
lurek.ai.newAILod: ok=true
LAIWorld:addAgent: name=archer_01
LAIWorld:getAgent: found=true
LAIWorld:removeAgent: removed
LAIWorld:getAgentCount: 3
LAIWorld:getGlobalBlackboard: ok=true
LAIWorld:update: ticked=true
LAIWorld:type: LAIWorld
LAIWorld:typeOf: LAIWorld=false LImage=false
LAgent:getName: knight_03
LAgent:setPosition: done
LAgent:getPosition: 400, 300
LAgent:setVelocity: done
LAgent:getVelocity: vx=0 vy=0
LAgent:setMaxSpeed: done
LAgent:getMaxSpeed: 150
LAgent:setMaxForce: done
LAgent:getMaxForce: 200
LAgent:setPriority: 10
LAgent:getPriority: 5
LAgent:setDecisionModel: fsm
LAgent:getDecisionModel: fsm
LAgent:setCustomModel: dt=0.016000000759959
LAgent:addTag: hostile=true
LAgent:removeTag: visible=false
LAgent:hasTag: friendly=true hostile=false
LAgent:getBlackboard: hp=100
LAgent:type: LAgent
LAgent:typeOf: LAgent=false LImage=false
LAIBlackboard:setNumber: distance=42.5
LAIBlackboard:getNumber: score=95.5 missing=-1
LAIBlackboard:setBool: can_attack=true
LAIBlackboard:getBool: alert=true calm=true
LAIBlackboard:setString: target=dragon
LAIBlackboard:getString: weapon=sword shield=none
LAIBlackboard:has: hp=true mp=false
LAIBlackboard:remove: has_temp=false
LAIBlackboard:clear: size=0
LAIBlackboard:getKeys: count=2
LAIBlackboard:getSize: 2
LAIBlackboard:type: LAIBlackboard
LAIBlackboard:typeOf: LAIBlackboard=false LAgent=false
LStateMachine:addState: entered=
LStateMachine:addTransition: configured
LStateMachine:setInitialState: sleep log=
LStateMachine:getCurrentState: before=nil after=wander
LStateMachine:forceState: dead
LStateMachine:getTimeInState: 0
LStateMachine:type: LStateMachine
LStateMachine:typeOf: LStateMachine=false LBehaviorTree=false
LBehaviorTree:getLastStatus: success
LBehaviorTree:getDebugState: node_count=1
LBehaviorTree:type: LBehaviorTree
LBehaviorTree:typeOf: LBehaviorTree=false LAgent=false
LBTNode:addChild: children=1
LBTNode:getChildCount: 1
LBTNode:reset: done
LBTNode:setChild: configured
LBTNode:setCount: 10
LBTNode:getCount: 7
LBTNode:setSuccessPolicy: done
LBTNode:setFailurePolicy: done
LBTNode:getNodeType: action
LBTNode:type: LBTNode
LBTNode:typeOf: LBTNode=false LImage=false
LSteeringManager:addSeek: fx=81.373344421387 fy=58.123821258545
LSteeringManager:addFlee: fx=0 fy=0
LSteeringManager:addArrive: fx=10 fy=10
LSteeringManager:addWander: fx=35 fy=0
LSteeringManager:addPursue: behaviors=1
LSteeringManager:addEvade: behaviors=1
LSteeringManager:addFlock: behaviors=1
LSteeringManager:getBehaviorCount: 2
LSteeringManager:setCombineMode: priority
LSteeringManager:getCombineMode: weighted
LSteeringManager:getLastSteering: 70.710678100586,70.710678100586
LSteeringManager:calculate: fx=152.56393432617 fy=67.906867980957
LSteeringManager:setPath: hasPath=true
LSteeringManager:clearPath: hasPath=false
LSteeringManager:hasPath: before=false after=true
LSteeringManager:getPathProgress: 1/3
LSteeringManager:type: LSteeringManager
LSteeringManager:typeOf: LSteeringManager=false LAgent=false
LSteeringManager:setSpatialHashCellSize: done
LSteeringManager:enableSpatialHash: done
LSteeringManager:addCustomBehavior: behaviors=1
LSteeringManager:applyCustomSteering: fx=25 fy=-10
LDialogueAI:setFSMState: topic=battle_cry
LDialogueAI:setBTStatus: topic=victory
LDialogueAI:setUtilityScore: topic=farewell
LDialogueAI:clearUtilityScores: done
LDialogueAI:addTopic: count=2
LDialogueAI:addBranch: branch=demand
LDialogueAI:selectTopic: quest_hint
LDialogueAI:selectBranch: sell
LDialogueAI:getTopicCount: 3
LDialogueAI:type: LDialogueAI
LDialogueAI:typeOf: LDialogueAI=false LQLearner=false
LQLearner:chooseAction: action=1
LQLearner:bestAction: 1
LQLearner:learn: Q(0,0)=0.5
LQLearner:getQValue: (1,0)=0.75 (1,1)=0.75
LQLearner:setQValue: best=1
LQLearner:endEpisode: rate=0.95
LQLearner:getEpisodeCount: 3
LQLearner:getStateCount: 8
LQLearner:getActionCount: 4
LQLearner:setLearningRate: 0.2
LQLearner:getLearningRate: 0.15
LQLearner:setDiscountFactor: 0.99
LQLearner:getDiscountFactor: 0.9
LQLearner:setExplorationRate: 0.5
LQLearner:getExplorationRate: 0.3
LQLearner:setExplorationDecay: rate=0.9
exploration decay = 0.99
serialized length = 25
restored Q(1,2) = 1
type = LQLearner
is LQLearner = false, is LAgent = false
actions added = 2
chosen action = attack
action count = 3
last action = gather
consideration added, last = heal
type = LUtilityAI
is LUtilityAI = false
goap actions = 2
precondition set for cook
effect set for mine_ore
goals = 2
goal state set for build_shelter
plan steps = 2
action count = 2
goal count = 3
default max iterations = 10000
max iterations = 500
type = LGOAPPlanner
is LGOAPPlanner = false
layers added: threat, resources
has heat = true
has cold = false
set influence at (5,5) and (3,7)
food at (4,4) = 0.75
noise center = 0.88214886188507
scent propagated to (4,5) = 0.022222220897675
heat after decay = 0.5
after clear = 0
all cleared, a(1,1) = 0
max gold at (6.5, 2.5)
min cold at (0.5, 0.5)
energy in rect = 1
blended (4,4) = 0.89999997615814
width = 16
height = 12
cell size = 2.5
type = LInfluenceMap
is LInfluenceMap = false
squad name = alpha
members = 2
after remove = 1
count = 3
members: sniper, heavy
leader = captain
leader = commander
formation set to wedge, spacing 2.0
formation = line
spacing = 2.5
member 2 pos = 98, 52
squad bb threat = 3
type = LSquad
is LSquad = false
queue size = 2
next type = dodge
after replace count = 1
after cancel, type = talk
after clear, empty = true
count = 3
empty initially = true
empty after enqueue = false
current type = harvest
target = 5
type = LCommandQueue
is LCommandQueue = false
courage = 0.69999998807907
effective speed = 1
base strength = 0.80000001192093
defense with modifier = 0.80000001192093
luck after remove = 0.40000000596046
rage after 3s = 0.5
has wisdom = true
has charm = false
trait count = 3
archetype = unknown
type = LTraitProfile
is LTraitProfile = true
visual stimulus id = 0
auditory stimulus id = 0
removed stimulus, count = 0
after update, count = 0
stimulus count = 2
after clear, count = 0
type = LStimulusWorld
is LStimulusWorld = true
seek target added at (200, 150)
wander behavior added
avoid point at (50, 50) radius 20
avoid bounds set for 800x600 area
behaviors cleared
direction = 0.70710676908493, 0.70710676908493
magnitude = 1
slots = 16
type = LContextSteering
is LContextSteering = true
needs registered
most urgent after 2s = fatigue
most urgent = hunger
thirst satisfied
hunger value = 0.80000001192093
type = LNeedSystem
is LNeedSystem = true
events pushed, tension = 0.5
phase after update = relief
tension = 0.60000002384186
initial phase = relief
spawn rate factor = 2
loot factor = 2.5
ambient intensity = 0.69499999284744
tension set to 0.5
after reset, tension = 0
type = LAIDirector
is LAIDirector = true
primitives = 2
compound added, tasks = 3
plan = gather -> cook
task count = 2
type = LHTNDomain
is LHTNDomain = true
best action = 1
type = LMCTSEngine
is LMCTSEngine = true
emotions registered
fear = 0.69999998807907
sadness = 0.69999998807907
dominant = anger
surprise active = false
surprise active = true
excitement after 3s = 0.39999997615814
rage after reset = 0
type = LEmotionModel
is LEmotionModel = true
agent index = 0
preferred velocity set for agent 0
position updated for agent 0
collision avoidance computed
safe velocity = 2, 0
agent count = 2
type = LORCASolver
is LORCASolver = true
layers = 2
output[1] = 0.5
weights set, count = 6
weight count = 6
param count = 21
layer count = 3
type = LNeuralNet
is LNeuralNet = true
evolved to generation 1
initial generation = 0
after evolve = 1
pop size = 20
fitness set for 3 chromosomes
genes[0] length = 3
best genes length = 4
type = LGeneticAlgorithm
is LGeneticAlgorithm = true
selected arm = 3
updated arm 0 with reward 1.0
best arm = 1
total pulls after reset = 0
arm count = 5
total pulls = 0
type = LBandit
is LBandit = true
evolved to gen 1
fitness assigned to chromosomes 0 and 4
network created from chromosome 0
best network obtained = true
best fitness = 7
pop size = 12
initial generation = 0
type = LNeuroevolution
is LNeuroevolution = true
goals registered
tags added
tag removed
active = attack
forced active = scout
active goal = nil
time until next = 3
type = LStrategyAI
is LStrategyAI = true
tier = 0
tier 0 should update on frame 1 = true
tier count = 3
tier 0 name = near
type = LAILod
is LAILod = true
content/examples/ai.lua
animation created, frames = 0
from aseprite, clips = 0
state machine created = true
curve created = true
sync group created = true
blend layer set created = true
character built = true
frames = 1
added 8 frames from grid
frames from rects = 2
clips = 1
clip mode set to reverse
run mode = pingpong
clip from grid, frames = 8
playing = true
playing after stop = false
playing after pause = false
playing after resume = true
current frame after update = 1
quad = true
events count = 1
after play = true
looping = true
clip = walk
default speed = 1
speed = 2
frame count = 2
clip count = 2
current frame = 0
frame after setFrame = 2
crossfading to run
blend state = false
drawn to image = true
preview grid drawn
type = LAnimation
is LAnimation = true
sm updated, state = idle
state = stand
forced to state = b
states added
transition added: idle -> run
params set
sm quad = false
type = LAnimStateMachine
is LAnimStateMachine = true
layers added
layer removed
weight = 0.80000001192093
run weight = 0.69999998807907
mask set for arms layer
layers = 1
first layer = table: 0x026c8d883a60
layer count = 1
type = LBlendLayerSet
is LBlendLayerSet = true
keyframes = 2
value at 0.5 = 5
eased value at 0.5 = 0.5
keyframe count = 2
custom eased at 0.5 = 0.25
after clear, keyframes = 0
type = LAnimCurve
is LAnimCurve = true
sync group members = 0
after remove, members = 0
after clear, members = 0
member count = 0
type = LAnimSyncGroup
is LAnimSyncGroup = true
content/examples/animation.lua
source created = true
playing = false
stopped = true
volume = 0.5
volume = 0.80000001192093
paused = true
playing after resume = false
pitch = 1.5
pitch = 0.80000001192093
after play = false
isPaused = true
initially stopped = true
looping = true
isLooping = true
playing+looping = false
pan = -0.5
pan = 0.69999998807907
master volume = 0.75
master volume = 1
active sources = 0
total sources = 17
source type = static
clone volume = 0.60000002384186
all paused
all stopped
all resumed
source released
bus created: sfx
bus = effects
source bus = ui
max sources = 64
duration = 0s
position = 0
seeked to 5s, pos = 0
lowpass = 800 Hz
highpass = 2000 Hz
lowpass = 500
highpass = 3000
filters cleared
fade in = 2s
fade in duration = 1.5
listener 2D = 400, 300
listener at 100, 200
listener 3D = 0, 0, 0
listener = 10, 5, 0
source pos = 50, 20, 0
pos = 100, 0, 30
velocity = 10, 0, 0
vel = 5, 3, 0
orientation set: forward(0,0,-1) up(0,1,0)
forward = 0,0,-1 up = 0,1,0
doppler scale = 1.5
doppler = 2
distance model = inverse
model = linear
meter set to 0.8
meter = 0.60000002384186
midi player = true
sound data created = true
soundfont set = false
has soundfont = false
soundfont cleared = true
decoder = true
queueable id = 4294967297
queued chunk
free buffers = 4
queueable playing
queueable stopped
devices = 1
current device = Default
set device = Default
bus created: master_sfx
music_bus volume = 0.7
effect id = 1
removed = true
loaded = true
unloaded = true
has nonexistent = false
loaded scripts = 1
running = true
stopped = true
paused = false
resumed
updated by 16ms
isRunning = false
isPaused = false
isComplete = false
isFailed = false
last error = 
condition set
ready = true
current step = 0
step count = 0
current script = nil
elapsed = 0s
loaded from TOML = true
step limit = 100000
step limit set to 1000
macro saved
macro playing
has macro = true
macros = 1
speed = 2
playback speed = 2
highlight = true
highlight mode = true
waitUntil registered with 5s timeout
content/examples/automation.lua
camera created = true
camera = true
rig = true
pos = 200, 150
x=100 y=50
zoom = 2
zoom = 0.5
rotation = 0.78539818525314
rotation = 1.5
viewport set to 400x300
viewport = 10,10,780,580
bounds = 0,0,2000,1500
has bounds = true
bounds set to 3200x2400
bounds removed = true
target = 500, 300
target = 250, 125
target cleared
smooth = 5
follow smooth = 3
easing = linear
easing = linear
dead zone set
dead zone = 40x20
look ahead = 1.5
look ahead = 2
resized to 1920x1080
scaled resize applied
shaking for 0.5s at intensity 10
camera updated
world = 100, 100
screen = 800, 600
visible = 0,0 800x600
looking at 500, 250
moved to 150, 75
following path over 3s
path stopped
path progress = 0.25
progress = 0.5
zooming to 2x over 1s
zoom stopped
zoom after 0.5s = 1.5
parallax bg = 0.5
clouds parallax = 0.30000001192093
parallax cleared
camera applied
camera reset
camera attached
camera detached
zoom pulse: amplitude=0.2, dur=0.3s
sway started
sway stopped
is sway = true
breathing started
breathing stopped
breathing = true
effective zoom = 2
effect offset = 0, 0
new 4x4 array, size = 16
zeros 3x3, val[1,1] = 0
ones 2x5, val[1,3] = 1
range 0..10 step 2, size = 5
fromTable 2x3, val[2,1] = 4
gaussian 5x5, center = 0.16210282163713
rotation 45 deg, [1,1] = 0.70710678118655
affine tx=10 ty=20, [1,3] = 10
fft result count = 4
ifft reconstructed, count = 4
magnitudes count = 4
par threshold = 10000
prev threshold = 10000
shape = 3x4
dims = 3
size = 25
dtype = float32
on GPU = false
a[1,2] = 20
a[2,2] = 99
table = 1,2,3
reshaped dims = 2
original[1,1] = 1 clone[1,1] = 5
transposed shape = 3x2
filled[2,2] = 7
after addInplace[1,1] = 2
after subInplace[1,1] = 4
after mulInplace[1,1] = 20
after divInplace[1,1] = 5
a + 10 Ôćĺ [1] = 11
a - 5 Ôćĺ [2] = 15
a * 3 Ôćĺ [3] = 12
a / 10 Ôćĺ [1] = 1
a^2 Ôćĺ [2] = 9
sqrt Ôćĺ [1] = 2
abs Ôćĺ [1] = 3
neg Ôćĺ [1] = -5
clamp(0,10) Ôćĺ [1]=0 [5]=10
eq(2) Ôćĺ [2] = 1
neq(2) Ôćĺ [1] = 1
gt(4) Ôćĺ [2] = 1
lt(6) Ôćĺ [3] = 0
gte(5) Ôćĺ [2] = 1
lte(5) Ôćĺ [2] = 1
threshold(0.4) Ôćĺ [1]=0 [3]=1
where Ôćĺ [1]=-1 [2]=20
nonzero count = 3
argmin = 2
argmax = 3
any = true
all nonzero = true
sum = 10
mean = 5
min = 1
max = 9
matmul[1,1] = 19
dot = 32
AND[1] = 15
OR[1] = 255
XOR[1] = 240
NOT[1] = -1
lshift(2)[1] = 4
rshift(2)[1] = 2
conv center = 0.20417995750904
dilated[2,3] = 1
eroded[2,2] = 1
flood[1,2] = 9
region[1,1] = 6
after setRegion[2,2] = 1
cumsum[4] = 10
diff[1] = 2
bin count = 4
p50 = 50
covariance = 4
pearson = 1
normalized[2] = 0.5
zscore[1] = -1.5
conv1d size = 7
corr peak at [3] = 1
normalized[1] = 0.60000002384186
outer[1,2] = 5
cross2d = 1
transformed[1,1] = 10
gx size = 25
x[1] = 7.111111164093
n = 2 det_sign = -1
eigenvalue = 2.9999999535389
mapped[2] = 8
eval[2] = 5
reduce sum = 10
scan[4] = 10
type = LArray
is LArray = true
is Object = true
content/examples/compute.lua
packed len = 7
unpacked: 255, 1000, 123456
packed size = 7
compressed len = 23
restored len = 500
chunks compressed len = 14
decompressed chunks len = 12
base64 = SGVsbG8sIFdvcmxkIQ==
decoded = Hello
sha256 = d736e5854ab7491d5ccd80db8c68697ac0beca5889e7600cdcd37b739b870ddc
crc32 = 3540561586
bytedata size = 16
view size = 8
write len = 4
read val = 42
format size = 4
player name = Hero
toml len = 34
ring capacity = 8
msgpack len = 18
decoded score = 100
writer created = true
evicted = false
popped = 10
peek = first
cargo : [info] game started  (?:0)
At line:1 char:1
+ cargo test --test examples_load_test --quiet 2>&1 | Out-File -FilePat ...
+ ~~~~~~~~~~~~~~~~~~~~~~~~~~~~~~~~~~~~~~~~~~~~~~~~~
    + CategoryInfo          : NotSpecified: ([info] game started  (?:0):String 
   ) [], RemoteException
    + FullyQualifiedErrorId : NativeCommandError
 
[info] level loaded  (?:0)
[warn] texture missing fallback used  (?:0)
[error] failed to load save file  (?:0)
[fatal] unrecoverable GPU error  (?:0)
newest = new
len = 2
capacity = 5
empty = true
full = true
after clear len = 0
table len = 2
type = LRingBuffer
is LRingBuffer = true
u8[0] = 10
i8[0] = -42
i16[0] = -1000
u16[0] = 65000
i32[0] = -100000
u32[0] = 3000000
f32[0] = 3.1400001049042
f64[0] = 2.718281828
view size = 12
type = LDataView
is LDataView = true
after writeU8 len = 1
after writeI8 len = 1
after writeU16LE len = 2
after writeU16BE len = 2
after writeI16LE len = 2
after writeU32LE len = 4
after writeI32LE len = 4
after writeF32LE len = 4
after writeF64LE len = 8
after writeString len = 10
after writeBytes len = 4
seek then overwrite, len = 8
cursor at = 2
writer len = 4
bytes len = 2
type = LDataWriter
is LDataWriter = true
size = 32
str = Hello
byte[0] = 65
byte[0] = 255
original[0] = 116 copy[0] = 88
byte = 129
bit7 = true
12 bits = 4095
type = LByteData
is LByteData = true
content/examples/data.lua
new df cols = 0
db tables = 0
fromTable rows = 2
fromRows = 2x3
fromCSV rows = 2
fromJSON rows = 2
fromBinary rows = 1
random rows = 10
vecframe rows = 2
fromVec rows = 2
agg rows = 1
type = LGroupedFrame
is LGroupedFrame = true
nrows = 3
ncols = 3
cols = x, y
count = 2
after addColumn ncols = 2
after removeColumn ncols = 1
renamed = new_name
col[2] = 20
added at row 2
after remove nrows = 2
row name = Alice
cell[2,b] = 40
after set = 99
filtered rows = 2
sorted first = 1
head rows = 3
tail rows = 2
slice rows = 3
select ncols = 2
unique count = 3
group A rows = 1
grouped type = LGroupedFrame
joined cols = 3
after merge rows = 4
countBy rows = 2
after dropNil rows = 2
sample rows = 3
describe rows = 8
sum = 10
mean = 20
min = 1
max = 8
median = 3
stddev = 2
variance = 4
filled = 0
applied[2] = 20
csv len = 17
json len = 19
binary len = 36
table rows = 2
iterated rows = 3
toString len = 50
query rows = 2
original[1] = 1
rolling mean cols = 2
rolling sum cols = 2
rolling min cols = 2
rolling max cols = 2
rank cols = 2
pct change cols = 2
cumsum cols = 2
groupAgg rows = 2
pivot cols = 3
corr = 1
corr matrix cols = 3
zscore cols = 2
normalize cols = 2
outlier rows = 1
mode = 2
entropy = 1.5219280948874
after batch rows = 3
f64[2] = 20
after set[3] = 300
type = LDataFrame
is LDataFrame = true
eval cols = 3
pivotTable rows = 2
rollingMean cols = 2
rollingSum cols = 2
rank cols = 2
lazy type = LLazyQuery
lazy filter rows = 2
lazy sort first = 1
lazy head rows = 2
lazy tail rows = 2
lazy limit rows = 2
lazy slice rows = 3
lazy dropNil rows = 2
lazy select cols = 2
collected rows = 2
type = LLazyQuery
is LLazyQuery = true
added table, count = 1
got table rows = 1
after remove count = 0
has test = true
tables = 2
count = 1
after clear = 0
merged count = 2
json len = 19
query rows = 1
type = LDatabase
is LDatabase = true
colAdd done, nrows = 3
colSub done
colMul done
colDiv done
colAbs done
colSqrt done
colFloor done
colCeil done
colNeg done
colClamp done
colOp cols = 3
reduce sum = 10
mask len = 4
masked rows = 2
colType = float64
started = true
bridge stopped = true
running = false
port = 19740
clients = 0
polled
message captured
history entries = 2
after clear = 0
max print history set to 100
perf keys available
screenshot requested at 2x
pending = true
broadcast sent
protocol version = 1
hot reload pending = false
content/examples/debugbridge.lua
logged info message
trace logged
debug logged
info logged
warn logged
error logged
fatal logged
log level set to warn
log level = warn
console logging enabled
console = true
log file set
log file = logs/devtools.log
log entries = 5
log cleared
profiling enabled
profiling = true
pushed physics zone
popped render zone
frame stored
profile frames = 1
profile data type = table
profile reset, frames = 0
frame times recorded
fps = 61.224489795918 avg = 0.016333333333333
gpu frame time recorded
gpu fps = 125
history count = 4
history size set to 120
history capacity = 120
watch added = true
removed = true
watched = 1
changed files = 0
watches cleared, count = 0
interval = 0.5
interval set to 0.5s
stack frames = 0
eval result type = boolean
console opened = true
console open = true
inspector opened = true
inspector open = true
watch id = 1
removed = true
watch entries = 2
snapshot keys: frameStats, watches, profile, log
report zones = 0
watcher path = scripts/
repl type = LReplConsole
onChange callback set
change detected = false
watching = content/
watcher cancelled
type = LFileWatcher
is LFileWatcher = true
eval result type = string
history entries = 2
hi
history after clear = 0
history len = 2
type = LReplConsole
is LReplConsole = true
content/examples/devtools.lua
scanned entries = 1344
math entries = 104
loaded entries = 1
all entries = 3
description set
params set
returns set
catalog entries = 1
after reset entries = 0
valid = true
math missing = 0
stale = 0 current = 23
quality score = 0.2
math quality = 0.2
documented=1344 live=1344
math documented=104 live=104
completions exported
hover exported
signatures exported
all docs exported
markdown exported
cheatsheet exported
schema name = PlayerSchema
schema from toml, name = schema
reflect math type = table
reflected rows = 2
valid = true errors = 0
check = true
assert passed
name = TestSchema
fields = 2
type = LSchema
is LSchema = true
name = isConvex
qualified = lurek.math.isConvex
module = math
kind = function
desc len = 0
params = 0
returns = 0
example = nil
since = nil
deprecated = nil
score = 0.2
hasDesc = false
hasParams = false
hasReturn = false
hasExample = false
type = LDocEntry
is LDocEntry = true
modules = 60
all=1344 math=104
found entry
math types = 0
LVec2 methods = 0
total=1344 math=104
merged = 126
functions = 1344
search results = 2
first row name = isConvex
json length = 4672
type = LApiCatalog
is LApiCatalog = true
valid = true
missing = 0
phantom = 0
incomplete = 1344
missing count = 0
phantom count = 0
incomplete count = 1344
summary = Missing: 0, Phantom: 0, Incomplete: 1344
table keys: missing=0 phantom=0
json length = 43258
type = LValidationReport
is report = true
score = 0.2
grade = F
module scores type = table
worst 5 = 5
best 5 = 5
grade A entries = 0
summary = Overall: F (20%)
  ai: 20%
  animation: 20%
  audio: 20%
  automation: 20%
  camera: 20%
  compute: 20%
  cursor: 20%
  data: 20%
  dataframe: 20%
  debugbridge: 20%
  devtools: 20%
  display: 20%
  docs: 20%
  ecs: 20%
  effect: 20%
  engine: 20%
  event: 20%
  filesystem: 20%
  gamepad: 20%
  globe: 20%
  graph: 20%
  html: 20%
  i18n: 20%
  image: 20%
  input: 20%
  keyboard: 20%
  light: 20%
  log: 20%
  math: 20%
  minimap: 20%
  mode: 20%
  mods: 20%
  mouse: 20%
  network: 20%
  parallax: 20%
  particle: 20%
  pathfind: 20%
  patterns: 20%
  physics: 20%
  pipeline: 20%
  procgen: 20%
  province: 20%
  raycaster: 20%
  render: 20%
  repl: 20%
  runtime: 20%
  save: 20%
  scene: 20%
  serial: 20%
  spine: 20%
  sprite: 20%
  terminal: 20%
  thread: 20%
  tilemap: 20%
  timer: 20%
  touch: 20%
  transitions: 20%
  tween: 20%
  ui: 20%
  window: 20%
overall = 0.2 grade = F
json length = 1973
type = LQualityReport
is report = true
content/examples/docs.lua
universe created, entities = 0
spawned entity id = 1
killed, alive = false
alive = true
position set
hp = table: 0x026c8bbd6080
has speed = true
after remove has = false
components = 2
with pos+vel = 1
each count = 1
entities = 2
count = 3
systems = 1
after remove systems = 0
update called = true
render called = true
emit received = true
system count = 2
phase ran = true
dirty = 1
queryMulti = 1
snapshot type = table
blueprint defined
blueprint comps type = table
spawned from blueprint id = 1
parent set
parent = 1
children = 2
root alive = false
child alive = false
moving entities = 1
entities in snapshot = 1
deserialized, count = 1
added callback fired = true
removed callback fired = true
observers flushed
bulk spawned = 10
relation added
friends = 2
relation removed
after clear = 0
has relation = true
type = LUniverse
is LUniverse = true
true
false
enemy
false
true
false
enemy
false
true
false
enemy
false
true
false
enemy
false
true
false
enemy
false
bit = 0
true
1
bit = 0
true
1
bit = 0
true
1
bit = 0
true
1
bit = 0
true
1
bit = 0
true
1
bit = 0
true
1
true
false
base
enemy
false
true
false
base
enemy
false
true
false
base
enemy
false
true
false
base
enemy
false
layer = 2
1
1
sorted count = 1
layer = 2
1
1
sorted count = 1
layer = 2
1
1
sorted count = 1
layer = 2
1
1
sorted count = 1
layer = 2
1
1
sorted count = 1
entities after apply = 1
dirty entities = 1
entities after clear = 0
released
content/examples/ecs.lua
effect type = bloom
custom effect built-in = false
stack w=800 h=600
preset stack effects = 4
pass type = custom
available types = 23
image effect count = 0
overlay w=800 h=600
transition kind = fade
shader errors on
shader error display = true
type = blur
typeName = crt
effectType = bloom
builtIn = true
enabled = true
after disable = false
param set
intensity = 1.5
has radius = true
param names = 2
intensity set
strength set
radius set
threshold set
brightness set
contrast set
saturation set
offset set
scanline set
auto uniforms on = true
auto uniforms off = false
autoUniforms = false
type = LPostFxEffect
is PostFxEffect = true
stack count = 1
removed = true
after insert count = 2
pass 1 enabled = false
pass enabled = true
effect count = 2
got effect at 1
enabled effects = 2
width = 1024
height = 768
dims = 800x600
resized w=1920
len = 1
empty = true
after clear = 0
dedup removed = 1
capturing = false
capture started
capture ended
applied
feedback = 0.5
feedback = 0.30000001192093
cleared feedback = 0
type = LPostFxStack
is PostFxStack = true
added effect type = bloom
found effect
count = 2
effectCount = 1
removed = true
removeByName = true
removeByIndex = true
after clear = 0
after clearEffects = 0
clone count = 1
save = true
type = LImageEffect
is ImageEffect = true
overlay updated
flash triggered, active = true
shake triggered, active = true
fade triggered, active = true
lightning triggered
shake offset = 0, 0
active = false
cleared, active = false
resized w=1920 h=1080
width = 640
height = 480
dims = 800x600
flash alpha = 0
lightning alpha = 0
ambient enabled = true
ambient = false
ambient color = 0.20000000298023,0.10000000149012,0.30000001192093,1
fog enabled = true
fog = false
fog color = 0.5,0.5,0.5,0.80000001192093
fog = 0.30000001192093,0.30000001192093,0.40000000596046,1
fog density = 0.69999998807907
density = 0.40000000596046
heat haze on = true
heat haze = false
heat intensity = 0.5
intensity = 0.30000001192093
vignette on = true
vignette = false
vignette strength = 0.60000002384186
strength = 0.40000000596046
grain on = true
grain = false
grain intensity = 0.20000000298023
intensity = 0.15000000596046
clouds on = true
clouds = false
clouds = 5
count = 3
speed = 0.5
speed = 1
scale = 2
scale = 1.5
opacity = 0.60000002384186
opacity = 0.40000000596046
weather on = true
weather = false
weather = rain
weather = snow
intensity = 0.80000001192093
intensity = 0.5
wind dir = 45
dir = 90
wind speed = 2.5
speed = 1
lightning = 0.89999997615814,0.89999997615814,1,1
lightning color = 0.89999997615814,0.89999997615814,1,0.80000001192093
flashing = false
shaking = false
fading = false
overlay rendered
flash started
shake started
fade started
type = LOverlay
is Overlay = true
playing, active = true
reversed, active = true
still active = true
progress = 0.5
before play active = false
done = true
kind = wipe
color = 0,0,0,1
new color = 1,0,0,1
type = LScreenTransition
is ScreenTransition = true
ambient	1	1	1	1
img type = userdata: 0x026c8f17a6f0
ambient	1	1	1	1
img type = userdata: 0x026c8f17a740
ambient	1	1	1	1
img type = userdata: 0x026c8f179d90
time_of_day = 12
time_of_day set
time_of_day = 12
time_of_day set
water = table: 0x026c8f17a260
water configured
water = table: 0x026c8f179fe0
water configured
water = table: 0x026c8f179950
water configured
ambient synced
ambient synced
ambient synced
content/examples/effect.lua
version = 1.0.0
platform = windows
debug build = true
fps = 0
frame count = 0
uptime = 0 s
frame budget = 16.666666666667 ms
config revision = 0
lua memory = 323128 bytes (315.55 KB)
resource budget set to 64 MB
total: 571136 / 67108864 budget
frame total = 0 ms
profile: tick=0.00ms update=0.00ms render=0.00ms cb=0.00ms
content/examples/engine.lua
pushed 'player_hit' event
pushed high-priority event
deferred 'scene_ready'
deferred high-priority 'system_alert'
flushed 4 deferred events
polled: critical_error arg=out of memory
polled: system_alert arg=low battery
polled: player_hit arg=25
polled: scene_ready arg=main_menu
polled: a arg=1
polled: b arg=2
polled: test_event arg=42
received: wake_up
queue cleared
pumped
history enabled, capacity = 100
history entries = 1
history cleared
exit(0) would shut down the engine
quit() would shut down the engine
restart() would restart the engine
signal type = LSignal
connected, handle = 1
registered, handle = 1
registered with filter, handle = 1
once handle = 1
hello world
removed = true
cleared 2 callbacks
cleared all: 2
tick count = 2
total = 3
type = LSignal
is Signal = true
content/examples/event.lua
source = .
save dir = .\save
cwd = C:\Users\tombl\Documents\lurek2D
home = C:\Users\tombl
identity = 
identity set to 'my_game'
absolute = .\data/config.toml
save/options.json exists = true
is file = true
is dir = true
type=file size=30
stat size=30 isFile=true
read 30 bytes
wrote to save/test_write.txt
appended to save/test_write.txt
copy ok = nil
move ok = nil
remove ok = nil
mkdir ok = nil
mkdir ok = nil
removeDir ok = nil
save/ has 1322 items
recursive: 1670 files
glob matches: 18
lines: 3
temp file = save/test_1779212021724498_0.tmp
readJson type = string
wrote JSON to save/test_json.json
settings json = {"volume":80,"fullscreen":false}
file handle write done
read: hello from handle
first line: alpha
wrote via handle
from pos 5:  fro
position = 3
file size = 17 bytes
mode = r
eof = true
flushed
closed
type = LFileHandle
is FileHandle = false
filedata size = 17
size = 17
content = hello from handle
filename = save/test_handle.txt
type = LFileData
is FileData = false
binary read 17 bytes
wrote 4 binary bytes
async read ticket = 1
poll result = pending
async write ticket = 3
write poll = pending
mount ok = true
unmount ok = true
zip prefix = data
zip read bytes: 11
has hello = true
zip files: 1
prefix = data
type = LZipMount
is ZipMount = false
loaded chunk type = function
watching save/
unwatched save/
changed paths: 0
content/examples/filesystem.lua
max provinces = 8192
LOD_FAR = far
LOD_MID = mid
LOD_NEAR = near
globe type = LGlobe
got globe: my_globe
voronoi provinces = 4
toml globe provinces = 1
png globe provinces = 1530
distance 0,0 -> 90,0 = 1.570796251297
path has 5 points
graph type = LGraph
node type = LGraphNode
edge type = LGraphEdge
item type = LGraphItem
item placed on node
removed node = true
removed edge = true
removed item = true
has node = true
has edge = true
has item = true
nodes = 2
edges = 1
items = 2
node list = 2
edge list = 1
item list = 1
neighbors of a = 2
edge between a-b exists
path cost = 2
path nodes = 3
item path cost = 1
astar path = 2 nodes
distance = 1
reachable = 1
nodes=2 edges=0 items=0
has cycle = true
bipartite = true
topo sort = 3 nodes
MST edges = 2
coloring type = table
components = 2
subgraph nodes = 2
item sent along edge
callback registered
stepped
updated
tick parallel done
demand processed
type = LGraph
is Graph = true
node type = factory
set type = warehouse
capacity = 50
capacity = 200
active = true
active = false
full before = false
items = 0
node items = 1
edges = 1
supply added
removed supply = true
supplies cleared
demand added
removed demand = true
demands cleared
conversion set: 2 ore -> 1 bar
cleared conversion = true
all conversions cleared
process time = 0
process time = 2.5
flow mode = passive
flow mode = push
push rate = 1
push rate = 5
pull rate = 1
pull rate = 3
push filter = nil
push filter = iron
pull filter = nil
pull filter = wood
overflow = reject
overflow = destroy
queue enabled = false
queue enabled = true
queue cap = -1
queue cap = 10
queue size = 0
enqueued = true
dequeued item type = box
tag added
has vip = true
tags = 2
removed = true
tags cleared
type = LGraphNode
is GraphNode = true
from type = src
to type = target
edge type = conveyor
edge type = rail
weight = 1
weight = 3.5
travel time = 1
travel time = 5
capacity = -1
capacity = 10
speed mod = 1
speed mod = 2
throughput = 1
throughput = 100
cooldown = 0
cooldown = 1
on cooldown = false
active = true
active = false
bidi = false
bidi = true
iron allowed
gold allowed = true
removed = true
allow list cleared
in transit = 0
type = LGraphEdge
is GraphEdge = true
item type = ore
item type = processed
priority = 0
priority = 5
decay time = 30
decay time = 60
remaining = 10
alive = true
alive after kill = false
item is on a node
type = LGraphItem
is GraphItem = true
content/examples/graph.lua
doc created = true
loaded doc type = LHtmlDocument
flexbox supported = false
preventDefault available = false
stopPropagation available = false
isDefaultPrevented available = false
html set
html = <span>test</span>
css set
css appended
css cleared
viewport set to 1024x768
viewport = 800x600
found: Player
root tag = body
query found: Hello
items = 3
dirty = true
relayout done
drawn at 10,20
rendered
updated
registered handle = 1
unregistered
mousemoved handled = true
mousepressed handled = true
mousereleased handled = true
keypressed handled = true
textinput handled = false
wheelmoved handled = false
type = LHtmlDocument
is HtmlDocument = false
id = main
id set
tag = body
href = #top
src set
data-x removed
color = red
style set
class added
class removed
has visible = true
toggle result = false
html = <span>inner</span>
html updated
html appended
text = Hello World
text set
rect = 0,0 100x50
owner type = LHtmlDocument
child query = found
child items = 2
element handle = 1
handler removed
focused
blurred
element removed
type = LHtmlElement
is HtmlElement = false
content/examples/html.lua
locale table loaded
unloaded
loaded from string
language set to en
current = pl
languages: 1
has en = true
available = 1
base set to en
base = en
fallbacks set
fallbacks = 1
translated = Hello
has key = true
key count = 1
key set
total keys = 2
interpolated = Hello Player!
plural = other
gendered = greeting.formal
categories = 2
greeting keys = 1
search results = 2
index built, entries = 0
indexed results = 0
locale merged
formatted = 1,234,567.89
date = Nov 14, 2023
onChange handle = nil
handle = nil
callbacks removed
arabic RTL = true
detected = en-US
valid = true
coverage gaps = 0
loaded = 1
content/examples/i18n.lua
image 128x64
from bytes 2x2
any key down = false
scancode a down = false
shift=false ctrl=false
scancode 'a' Ôćĺ key 'a'
key 'space' Ôćĺ scancode 'space'
key repeat = false
key repeat enabled
text input = false
text input enabled
mouse at 0,0
mouse x=0
mouse y=0
left=false right=false
wheel delta = 0
mouse warped to 400,300
cursor visible = true
cursor shown
grabbed = false
mouse released
relative mode = false
relative mode off
cursor supported = true
cursor name = arrow
got system cursor = true
cursor set to arrow
custom cursor type = custom
gamepad slots = 0
gamepad 1 connected = false
is gamepad = false
gamepad name = Unknown
guid = 
axis 1 = 0
axes = 0
buttons = 0
button 1 = false
pressed=false
released=false
hat 1 = c
vibrate ok = false
vibration supported = false
direction = r
right = true
connected=false
disconnected=false
mappings loaded and saved
mappings loaded and saved
bg events was=false now=true
bg events was=true now=true
joystick count = 0, list = 0
joystick count = 0, list = 0
touches = 0
touch ids = 0
touch 1 at 0,0
pressure = 0
t1 pressed=false released=false
t1 pressed=false released=false
actions bound
unbind had bindings = true
all bindings cleared
bindings count = 0
fire down = false
jump pressed = false
dodge recent = false
run released = false
isDown available = false
wasPressed available = false
wasReleased available = false
held=false just=false done=false
combo steps = 3
in progress = false
progress = 0
feed a Ôćĺ advanced
tick Ôćĺ idle
step 1 key = a gap = 500
progress after reset = 0
type = LCombo
is Combo = false
type = LCombo
is Combo = false
frames = 0
total = 0
json length = 42
recording loaded
playing = true
stopped = true
events = 0
playback frame = 1
recording = false
playing = false
mapping = 030000005e0400008e02000014010000,XInput,a:b0
custom mapping set
vibration set
in_progress=true
progress=1
total=3
in_progress=true
progress=1
total=3
in_progress=true
progress=1
total=3
cursor type=LCursor
cursor kind=system
typeOf=true
cursor type=LCursor
cursor kind=system
typeOf=true
cursor type=LCursor
cursor kind=system
typeOf=true
cursor type=LCursor
cursor kind=system
typeOf=true
frames=0
total=0
type=LInputRecording
typeOf=true
frames=0
total=0
type=LInputRecording
typeOf=true
frames=0
total=0
type=LInputRecording
typeOf=true
frames=0
total=0
type=LInputRecording
typeOf=true
is_playing=false
stopped
is_playing=false
stopped
is_playing=false
stopped
content/examples/input.lua
radius = 200
light world enabled = true
ambient = 0.10000000149012,0.10000000149012,0.15000000596046,1
lights = 2
max lights = 128
after clear: lights = 0
flickers advanced
group 1 count = 2
group 1 set to red
group 1 intensity = 3
group 1 disabled
god ray hints = 0
normal map hints = 0
sync ambient = 0.10000000149012,0.10000000149012,0.10000000149012,1
pos = 200,150
pos = 200,150
radius = 250
radius = 250
color = 1,0.5,0,0.89999997615814
color = 1,0.5,0,0.89999997615814
intensity = 5
intensity = 5
energy = 2.5
energy = 2.5
type = spot
type = spot
direction = 1.5700000524521
direction = 1.5700000524521
falloff = smooth
falloff = smooth
blend = add
blend = add
attenuation c=1 l=0.10000000149012 q=0.0099999997764826
attenuation c=1 l=0.10000000149012 q=0.0099999997764826
inner = 0.30000001192093 outer = 0.80000001192093
inner = 0.30000001192093 outer = 0.80000001192093
inner = 0.30000001192093 outer = 0.80000001192093
inner = 0.30000001192093 outer = 0.80000001192093
enabled = false
enabled = false
group = 5
group = 5
mask = 3
mask = 3
valid = true
valid after remove = false
type = LLight
is Light = false
type = LLight
is Light = false
shadows = true
shadows = true
shadow color = 0,0,0.10000000149012,0.80000001192093
shadow color = 0,0,0.10000000149012,0.80000001192093
shadow filter = pcf5
shadow filter = pcf5
shadow smooth = 2
shadow smooth = 2
shadow softness = 1.5
shadow softness = 1.5
shadow mask = 7
shadow mask = 7
flicker added
flicker speed=3 strength=0.40000000596046
flicker speed=3 strength=0.40000000596046
flicker on = true
flicker on = true
cookie = assets/textures/cookie_star.png
cookie cleared
cookie = assets/textures/cookie_star.png
cookie cleared
cookie = assets/textures/cookie_star.png
cookie cleared
normal map = assets/textures/stone_normal.png
normal map cleared
normal map = assets/textures/stone_normal.png
normal map cleared
normal map = assets/textures/stone_normal.png
normal map cleared
normal strength = 1.5
normal strength = 1.5
volumetric = true
volumetric = true
applied = true
progress = 0.25
stopped, progress = 1
applied = true
progress = 0.25
stopped, progress = 1
applied = true
progress = 0.25
stopped, progress = 1
applied = true
progress = 0.25
stopped, progress = 1
occluder valid = true
opacity = 0.80000001192093
occ pos = 50,75
occ pos = 50,75
vertex count = 4
vertex count = 4
opacity = 0.60000002384186
opacity = 0.60000002384186
enabled = false
enabled = false
occ mask = 5
occ mask = 5
valid = true
valid after remove = false
type = LOccluder
is Occluder = false
type = LOccluder
is Occluder = false
occluders = 2
ambient	0.10000000149012	0.10000000149012	0.10000000149012	1
lights = 1
after remove = 0
occluders = 3
after remove = 2
ambient	0.10000000149012	0.10000000149012	0.10000000149012	1
max lights = 128
enabled = true
ambient2	0.10000000149012	0.10000000149012	0.10000000149012	1
ambient	0.10000000149012	0.10000000149012	0.10000000149012	1
max lights = 64
enabled = true
ambient2	0.10000000149012	0.10000000149012	0.10000000149012	1
ambient	0.10000000149012	0.10000000149012	0.10000000149012	1
max lights = 64
enabled = true
ambient2	0.10000000149012	0.10000000149012	0.10000000149012	1
content/examples/light.lua
debug logged
info logged
warn logged
error logged
print logged
debug_fields logged
info_fields logged
warn_fields logged
error_fields logged
struct logged
level was off now warn
memory sink id = 1
removed = true
sink count = 1
sinks after clear = 0
memory entries = 1
file flushed
level set to debug
content/examples/log.lua
pi = 3.1415926535898
tau = 6.2831853071796
abs(-5) = 5
abs(3) = 3
ceil(2.3) = 3
ceil(-1.7) = -1
floor(2.9) = 2
floor(-1.1) = -2
round(2.4) = 2
round(2.5) = 3
sign(-7) = -1
sign(0) = 0
sign(3) = 1
clamp(15, 0, 10) = 10
clamp(-3, 0, 10) = 0
clamp(5, 0, 10) = 5
lerp(0, 100, 0.5) = 50
lerp(10, 20, 0.25) = 12.5
inverseLerp(0, 100, 50) = 0.5
inverseLerp(10, 20, 15) = 0.5
remap(5, 0-10 Ôćĺ 0-100) = 50
smoothstep(0, 1, 0.5) = 0.5
smoothstep(0, 1, 0.0) = 0
smoothstep(0, 1, 1.0) = 1
pow(2, 10) = 1024
pow(3, 3) = 27
sqrt(144) = 12
sqrt(2) = 1.4142135623731
exp(1) = 2.718281828459
exp(0) = 1
log(e) = 1
log(100, 10) = 2
fmod(7, 3) = 1
fmod(10.5, 3) = 1.5
min(3, 7, 1, 9) = 1
max(3, 7, 1, 9) = 9
sin(0) = 0
sin(pi/2) = 1
cos(0) = 1
cos(pi) = -1
tan(0) = 0
tan(pi/4) = 1
asin(1) = 1.5707963267949
asin(0) = 0
acos(1) = 0
acos(0) = 1.5707963267949
atan(1) = 0.78539816339745
atan(1, 1) = 0.78539816339745
atan2(1, 0) = 1.5707963267949
atan2(0, 1) = 0
deg(pi) = 180
deg(pi/2) = 90
rad(180) = 3.1415926535898
rad(90) = 1.5707963267949
random = 0.79420629243124, 6.9885246563716, 10.901037417281
randomInt(1,6) = 5
distance = 5
distanceSq = 25
angle to right = 0
angle down = 1.5707963705063
closest on segment = 5,0
lines cross at 5,5
segments cross at 5,5
inside = true
circles overlap = true
circle/line hit = true
  hit1 = 2,5
  hit2 = 8,5
circle/seg hit = true
  seg hit1 = 2,5
inside = true outside = false
area = 100
centroid = 5,5
square convex = true
concave = false
hull vertices = 3
clipped vertices = 4
union vertices = 6
minimap created = true
terrain(1,1) = 1
terrain(1,1) = 1
terrain 1 color = 0.20000000298023,0.60000002384186,0.10000000149012,1
terrain 1 color = 0.20000000298023,0.60000002384186,0.10000000149012,1
cell(2,2) = 1
fog enabled = true
fog enabled = true
fog(1,1) = 2
fog(1,1) = 2
fog color = 0,0,0,0.69999998807907
fog color = 0,0,0,0.69999998807907
fog after setData = 2
center fog after reveal = 2
mode = political
mode = political
layer = 1
layer = 1
count = 0
layer data set
layer data len = 16
display = 300x250
display = 300x250
display = 300x250
center = 16,16
x=16 y=16
center = 16,16
x=16 y=16
center = 16,16
x=16 y=16
center = 16,16
x=16 y=16
zoom = 2
zoom = 2
aa = true
aa = true
cells = 200
w=10 h=20
cells = 200
w=10 h=20
cells = 200
w=10 h=20
tile 1 = Grass
tile 2 = Water
tile 1 = Grass
tile 2 = Water
updated
rendered
markers = 2
has id1 = true
desc = Base
markers = 2
has id1 = true
desc = Base
markers = 2
has id1 = true
desc = Base
markers = 2
has id1 = true
desc = Base
before = 1
after = 0
animation cleared
animation cleared
types = 2
unit idx = 1 building idx = 2
types = 2
unit idx = 1 building idx = 2
objects = 3
after remove = 2
after clear = 0
objects = 3
after remove = 2
after clear = 0
objects = 3
after remove = 2
after clear = 0
objects = 3
after remove = 2
after clear = 0
visible = false
visible = true
visible = false
visible = true
owner 1 = 0,0,1,1
owner 1 = 0,0,1,1
paths = 1 id = 1
after clear = 0
paths = 1 id = 1
after clear = 0
paths = 1 id = 1
after clear = 0
pings = 2
pings after time = 0
pings = 2
pings after time = 0
shapes = 2
after clear = 0
shapes = 2
after clear = 0
shapes = 2
after clear = 0
shapes = 2
after clear = 0
viewport = 4,4 12x12
viewport = 4,4 12x12
viewport = 4,4 12x12
vp color = 1,1,0,0.5
vp color = 1,1,0,0.5
vp visible = true
vp visible = true
clickable = true
clickable = true
grid(8,8) Ôćĺ screen = 80,80
screen Ôćĺ grid = 8,8
grid(8,8) Ôćĺ screen = 80,80
screen Ôćĺ grid = 8,8
hover = Plains
image type = LImageData
display=200x200
grid=32x32
display=200x200
grid=32x32
marker texture cleared
marker texture cleared
object type texture cleared
object type texture cleared
camera tracked
LMinimap
true
true
LMinimap
true
true
content/examples/minimap.lua
id=my_mod name=My Mod
enabled=true
enabled=true
loaded=false
has onLoad = true
hook exists = true
has onLoad = true
hooks = onUnload, onLoad
config stored
config exists = true
schema set
schema entries = 2
api version = 2.0.0
api version = 2.0.0
capabilities set
capabilities = renderer, audio, physics
dependencies = 0
refs released
registry created = true
got: Sword
all items = 0
got: Sword
all items = 0
got: Sword
all items = 0
compatible = true
mod count = 0
count = 2
has core = true
has missing = false
count = 2
has core = true
has missing = false
count = 2
has core = true
has missing = false
before = 1
removed = true after = 0
list v2.0 pri=5
1: b
2: a
1: b
2: a
1: b
2: a
circular = false
validation messages = 0
circular = false
validation messages = 0
queued = 1
processed = 0
queued = 1
processed = 0
queued = 1
processed = 0
queued = 1
processed = 0
path = nil
renderer mods = 1
scanned mods = 0
type=npc
type=item
sword = table: 0x026c8d85aa30
all items = 0
LContentRegistry
true
type=item
type=npc
sword = table: 0x026c8d85abc0
all items = 0
LContentRegistry
true
type=npc
type=item
sword = table: 0x026c8d859ea0
all items = 0
LContentRegistry
true
type=npc
type=item
sword = table: 0x026c8d85a260
all items = 0
LContentRegistry
true
1.0
caps=2
config=table: 0x026c8d85a4e0
schema=table: 0x026c8d85a580
deps=0
Test mod
my_mod
My Mod
0
1.0
Dev
hooks=1
true
hook=function: 0x026c8d79eec0
true
false
LMod
true
1.0
caps=2
config=table: 0x026c8d85a8a0
schema=table: 0x026c8d859d60
deps=0
Test mod
my_mod
My Mod
0
1.0
Dev
hooks=1
true
hook=function: 0x026c8d79e770
true
false
LMod
true
1.0
caps=2
config=table: 0x026c8d859ef0
schema=table: 0x026c8d85b390
deps=0
Test mod
my_mod
My Mod
0
1.0
Dev
hooks=1
true
hook=function: 0x026c8d79e590
true
false
LMod
true
1.0
caps=2
config=table: 0x026c8d85b5c0
schema=table: 0x026c8d85b7a0
deps=0
Test mod
my_mod
My Mod
0
1.0
Dev
hooks=1
true
hook=function: 0x026c8d79e620
true
false
LMod
true
1.0
caps=2
config=table: 0x026c8d85c010
schema=table: 0x026c8d85c380
deps=0
Test mod
my_mod
My Mod
0
1.0
Dev
hooks=1
true
hook=function: 0x026c8d79e680
true
false
LMod
true
1.0
caps=2
config=table: 0x026c8d85b840
schema=table: 0x026c8d85b200
deps=0
Test mod
my_mod
My Mod
0
1.0
Dev
hooks=1
true
hook=function: 0x026c8d79ee00
true
false
LMod
true
1.0
caps=2
config=table: 0x026c8d85bd40
schema=table: 0x026c8d85c290
deps=0
Test mod
my_mod
My Mod
0
1.0
Dev
hooks=1
true
hook=function: 0x026c8d79eb60
true
false
LMod
true
1.0
caps=2
config=table: 0x026c8d85b520
schema=table: 0x026c8d85b570
deps=0
Test mod
my_mod
My Mod
0
1.0
Dev
hooks=1
true
hook=function: 0x026c8d79e6e0
true
false
LMod
true
0
false
mods=0
order=0
capable=0
path=nil
queue=0
cycles=false
errors=0
LModManager
true
0
false
mods=0
order=0
capable=0
path=nil
queue=0
cycles=false
errors=0
LModManager
true
content/examples/mods.lua
role = server
role = client
address = 0.0.0.0:8888
connecting, peer_id = 0
no events
send ready, channels = 2
broadcast ready, channels = 2
connected = 0
peer ids = 0
peer queries ready
peer queries ready
peer queries ready
stats query ready
bandwidth limit set
bw in=100000 out=50000
channels = 4
disconnect methods ready
disconnect methods ready
disconnect methods ready
utility methods ready
utility methods ready
utility methods ready
runtime created
GET request id = 1
POST request id = 1
custom request id = 1
tcp id = 1
tcp id = 1
tcp id = 1
ws id = 1
ws id = 1
ws id = 1
room id=room-1 name=Arena
host=player1 max=8
joined room
rooms available = 1
left room
lobby=My Game port=7777
max=4
discovered = 0
packed bytes = 88
unpacked hp = 100
entity synced
predicted x = 10.079999923706
reconciled x = 10.086000442505
ticket = room_abc|peer_42
parsed room = room_abc
probe = LUREK_PUNCH:peer_99
parsed peer = peer_99
addr=0.0.0.0:55835
channels=2
peer_limit=64
role=host
is_server=false
is_client=false
is_destroyed=false
type=LNetworkHost
typeOf=true
addr=0.0.0.0:55836
channels=2
peer_limit=64
role=host
is_server=false
is_client=false
is_destroyed=false
type=LNetworkHost
typeOf=true
addr=0.0.0.0:55837
channels=2
peer_limit=64
role=host
is_server=false
is_client=false
is_destroyed=false
type=LNetworkHost
typeOf=true
addr=0.0.0.0:55838
channels=2
peer_limit=64
role=host
is_server=false
is_client=false
is_destroyed=false
type=LNetworkHost
typeOf=true
addr=0.0.0.0:55839
channels=2
peer_limit=64
role=host
is_server=false
is_client=false
is_destroyed=false
type=LNetworkHost
typeOf=true
addr=0.0.0.0:55840
channels=2
peer_limit=64
role=host
is_server=false
is_client=false
is_destroyed=false
type=LNetworkHost
typeOf=true
addr=0.0.0.0:55841
channels=2
peer_limit=64
role=host
is_server=false
is_client=false
is_destroyed=false
type=LNetworkHost
typeOf=true
addr=0.0.0.0:55842
channels=2
peer_limit=64
role=host
is_server=false
is_client=false
is_destroyed=false
type=LNetworkHost
typeOf=true
addr=0.0.0.0:55843
channels=2
peer_limit=64
role=host
is_server=false
is_client=false
is_destroyed=false
type=LNetworkHost
typeOf=true
addr=0.0.0.0:55844
channels=2
peer_limit=64
role=host
is_server=false
is_client=false
is_destroyed=false
type=LNetworkHost
typeOf=true
rt_type=LNetworkRuntime
rt_typeOf=true
rt_type=LNetworkRuntime
rt_typeOf=true
rt_type=LNetworkRuntime
rt_typeOf=true
lobbies=0
rooms=1
room lifecycle ok
lobbies=0
rooms=1
room lifecycle ok
lobbies=0
rooms=1
room lifecycle ok
lobbies=0
rooms=1
room lifecycle ok
probe=true
ticket=true
probe=true
ticket=true
type = LParallaxLayer
far depth = 0
scroll = 0.5,0.20000000298023
scroll = 0.5,0.20000000298023
offset = 10,-5
offset = 10,-5
depth = 0.5
depth = 0.5
z = -5
z = -5
visible = false
visible = false
opacity = 0.69999998807907
opacity = 0.69999998807907
tiling = true
tiling = true
tile size set
repeat set: horizontal only
scaled 2x
tint = 1,0.80000001192093,0.60000002384186,1
tint = 1,0.80000001192093,0.60000002384186,1
blend = additive
blend = normal
blend = additive
blend = normal
clamped
clamp cleared
clamped
clamp cleared
autoscroll = 20,0
autoscroll reset
autoscroll = 20,0
autoscroll reset
autoscroll = 20,0
autoscroll reset
stretch enabled=true
strength=0.5 max=2
stretch enabled=true
strength=0.5 max=2
effects = 2
after clear = 0
effects = 2
after clear = 0
effects = 2
after clear = 0
rendered
rendered
rendered
name = background type = LParallaxSet
layers = 0
layers = 3
removed = true layers = 2
layers = 3
removed = true layers = 2
layers = 3
removed = true layers = 2
z at 1 = 1
z at 2 = 100
sorted: z at 1 = 1
z at 1 = 1
z at 2 = 100
sorted: z at 1 = 1
name = sky_layers
visible = false
visible = true
name = sky_layers
visible = false
visible = true
name = sky_layers
visible = false
visible = true
name = sky_layers
visible = false
visible = true
set rendered
set rendered
set rendered
type = LParticleSystem
fire rate = 80
from TOML, buffer = 100
buffer = 1024
buffer = 1024
position set
pos = 100,200
moved = 300,400
rate = 100
rate = 100
lifetime = 0.5..3
lifetime = 0.5..3
emitter lifetime = 5
emitter lifetime = 5
speed = 50..200
speed = 50..200
dir = 1.5707963705063
dir = 1.5707963705063
spread = 0.52359879016876
spread = 0.52359879016876
gravity = 0,200
gravity = 0,200
sizes = 3
size var = 0.30000001192093
sizes = 3
size var = 0.30000001192093
sizes = 3
size var = 0.30000001192093
sizes = 3
size var = 0.30000001192093
color keyframes = 2
color keyframes = 2
active = true
stopped = false
after stop: active = false
active = true
stopped = false
after stop: active = false
active = true
stopped = false
after stop: active = false
active = true
stopped = false
after stop: active = false
paused = true
paused after resume = false
paused = true
paused after resume = false
paused = true
paused after resume = false
after emit: count = 100
warmed up: count = 154
count after 10 frames = 32
count after 10 frames = 32
before reset: 100
after reset: 0
clone buffer = 256
clone rate = 75
empty = true
full = false
count = 10
getCount = 10
empty = true
full = false
count = 10
getCount = 10
empty = true
full = false
count = 10
getCount = 10
empty = true
full = false
count = 10
getCount = 10
released = true
type = LParticleSystem
is PS = true
is Drawable = true
is Object = true
type = LParticleSystem
is PS = true
is Drawable = true
is Object = true
accel = -10,50..10,100
accel = -10,50..10,100
damping = 0.10000000149012..0.5
damping = 0.10000000149012..0.5
radial = -50..50
radial = -50..50
tangential = -20..20
tangential = -20..20
attractors = 2
after clear = 0
attractors = 2
after clear = 0
attractors = 2
after clear = 0
sub-systems = 1 last idx = 1
sub-systems = 1 last idx = 1
sub-systems = 1 last idx = 1
area = uniform 100x50
area set with angle and dir_rel
area = uniform 100x50
area set with angle and dir_rel
rotation = 0..6.2831854820251
spin = -3..3
rotation = 0..6.2831854820251
spin = -3..3
rotation = 0..6.2831854820251
spin = -3..3
rotation = 0..6.2831854820251
spin = -3..3
spin var = 0.5
relative rot = true
spin var = 0.5
relative rot = true
spin var = 0.5
relative rot = true
spin var = 0.5
relative rot = true
mode = top
mode = random
mode = top
mode = random
offset = 16,16
offset = 16,16
shape = circle
shape = circle
flipbook = 4x4 @12fps
flipbook = 4x4 @12fps
bounds set with restitution 0.5
bounds cleared
bounds set with restitution 0.5
bounds cleared
custom shape emitted
deaths = 0
drawToImage type = LImageData
toImage type = LImageData
drawToImage type = LImageData
toImage type = LImageData
type = LTrail
lifetime = 2
points = 4
after update = 4
after clear = 0
points = 4
after update = 4
after clear = 0
points = 4
after update = 4
after clear = 0
points = 4
after update = 4
after clear = 0
width = 10 Ôćĺ 2
lifetime = 5
width = 10 Ôćĺ 2
lifetime = 5
width = 10 Ôćĺ 2
lifetime = 5
width = 10 Ôćĺ 2
lifetime = 5
trail configured, points = 3
trail configured, points = 3
trail configured, points = 3
trail image type = LImageData
is LTrail = true
is Object = true
trail image type = LImageData
is LTrail = true
is Object = true
has_collides=true
cleared=false
has_collides=true
cleared=false
has_collides=true
cleared=false
LTrail
content/examples/particle.lua
width = 20 height = 15
(5,5) walkable = false
(5,5) walkable = false
cost at (3,3) = 5
cost at (3,3) = 5
path length = 14
  step 1: 16,16
  step 2: 48,48
  step 3: 80,80
  step 4: 112,112
  step 5: 112,144
  step 6: 112,176
  step 7: 112,208
  step 8: 112,240
  step 9: 144,240
  step 10: 176,240
  step 11: 208,272
  step 12: 240,272
  step 13: 272,272
  step 14: 304,304
smoothed path points = 3
first = 8,72
last = 312,72
type = LPathGrid
is LPathGrid = true
dimensions = 50x50
width = 50 height = 50
(10,10) blocked = true
(10,10) blocked = true
cost at (5,5) = 200
cost at (5,5) = 200
(1,1) walkable = true
fill applied
fillRect applied
diag mode = always
diag mode = always
chunk size = 16
abstract graph rebuilt
chunk size = 16
abstract graph rebuilt
chunk size = 16
abstract graph rebuilt
dirty region handled
dirty region handled
serialized bytes = 100
loaded (5,5) blocked = true
loaded (3,3) cost = 100
serialized bytes = 100
loaded (5,5) blocked = true
loaded (3,3) cost = 100
type = LNavGrid
is LNavGrid = true
type = LNavGrid
is LNavGrid = true
polygons = 3
ids = 1, 2, 3
polygons = 3
ids = 1, 2, 3
a-b connected = true
b-c one-way = true
navmesh path waypoints = 3
  1: 10,50
  2: 150,50
  3: 290,50
type = LNavMesh
is LNavMesh = true
type = LNavMesh
is LNavMesh = true
(5,5) blocked = true
(1,1) blocked = false
(5,5) blocked = true
(1,1) blocked = false
(5,5) blocked = true
(1,1) blocked = false
costs set for hex terrain
hex path steps = 11
  1: col=1 row=5
  2: col=2 row=5
  3: col=3 row=5
  4: col=4 row=5
  5: col=4 row=6
  6: col=5 row=6
  7: col=6 row=6
  8: col=7 row=6
  9: col=8 row=6
  10: col=9 row=5
  11: col=10 row=5
hex distance (1,1)Ôćĺ(5,5) = 6
hex distance (1,1)Ôćĺ(1,1) = 0
clear LoS = true
blocked LoS = false
visible cells = 34
first = col=6 row=4
reachable cells = 61
  6,6
  7,6
  6,5
type = LHexGrid
is LHexGrid = true
type = LHexGrid
is LHexGrid = true
(15,10) blocked = true
(1,1) blocked = false
(15,10) blocked = true
(1,1) blocked = false
(15,10) blocked = true
(1,1) blocked = false
JPS path points = 50
first = 1,25
last = 50,25
type = LJpsGrid
is LJpsGrid = true
type = LJpsGrid
is LJpsGrid = true
calculated = true
calculated = true
direction at (1,1) = 0.70710676908493,0.70710676908493
angle at (1,1) = 0.78539818525314
cost to target from (1,1) = 12.727920532227
direction at (1,1) = 0.70710676908493,0.70710676908493
angle at (1,1) = 0.78539818525314
cost to target from (1,1) = 12.727920532227
direction at (1,1) = 0.70710676908493,0.70710676908493
angle at (1,1) = 0.78539818525314
cost to target from (1,1) = 12.727920532227
targets = 2
  target 1: 5,5
  target 2: 10,10
targets = 2
  target 1: 5,5
  target 2: 10,10
steer velocity = 70.710678100586,70.710678100586
type = LFlowField
is LFlowField = true
type = LFlowField
is LFlowField = true
width = 15 height = 15
has goal = false
has goal = true
goal = 10,10
width = 15 height = 15
has goal = false
has goal = true
goal = 10,10
width = 15 height = 15
has goal = false
has goal = true
goal = 10,10
direction = 0.70710676908493,0.70710676908493
distance to goal = 12.725999832153
direction = 0.70710676908493,0.70710676908493
distance to goal = 12.725999832153
type = LAIFlowField
is LAIFlowField = true
type = LAIFlowField
is LAIFlowField = true
path steps = 30
first = 1,12
last = 30,12
path steps = 30
first = 1,12
last = 30,12
smooth path points = 2
bidir path = 40 complete = true
partial path = 50 reached goal = false
reachable = true
LoS clear = false
LoS blocked = false
heuristic = 26.870058059692
reachable = true
LoS clear = false
LoS blocked = false
heuristic = 26.870058059692
reachable = true
LoS clear = false
LoS blocked = false
heuristic = 26.870058059692
nearest walkable = 9,10
cost = 10
length = 12.727920532227
cost = 10
length = 12.727920532227
cache enabled = true
cache size = 2
after clear = 0
cache enabled = true
cache size = 2
after clear = 0
cache enabled = true
cache size = 2
after clear = 0
cache enabled = true
cache size = 2
after clear = 0
cache enabled = true
cache size = 2
after clear = 0
type = LUnitPathfinder
is LUnitPathfinder = true
type = LUnitPathfinder
is LUnitPathfinder = true
range map width = 10 height = 10
cells count = 49
thread count = 0
ff_w=32
ff_h=32
has_goal=false
has_goal_after=true
ff_w=32
ff_h=32
has_goal=false
has_goal_after=true
ff_w=32
ff_h=32
has_goal=false
has_goal_after=true
is_calc=false
is_calc_after=true
dims=20x15
w=20
h=15
dims=20x15
w=20
h=15
dims=20x15
w=20
h=15
poly_count=0
cell=32
w=10
h=10
cell=32
w=10
h=10
cell=32
w=10
h=10
ng_from_tm=8x8
thread count set
content/examples/pathfind.lua
locator created = true
has audio = true
audio volume = 0.8
has audio = true
has physics = false
services = 2
after remove: has save = false
after clear: count = 0
pool created = true
total = 10
available = 10
active = 0
acquired id = 10
active count = 1
after release: available = 10
total = 10
available = 10
active = 0
acquired id = 10
active count = 1
after release: available = 10
total = 10
available = 10
active = 0
acquired id = 10
active count = 1
after release: available = 10
before clear: total = 2
after clear: total = 0
has enemy = true
types = 2
enemy hp = 200 speed = 75
bullet dmg = 25
has enemy = true
types = 2
enemy hp = 200 speed = 75
bullet dmg = 25
has enemy = true
types = 2
enemy hp = 200 speed = 75
bullet dmg = 25
has enemy = true
types = 2
enemy hp = 200 speed = 75
bullet dmg = 25
has enemy = true
types = 2
enemy hp = 200 speed = 75
bullet dmg = 25
alias creates: goblin
after remove: has goblin = false
after clear: types = 0
alias creates: goblin
after remove: has goblin = false
after clear: types = 0
alias creates: goblin
after remove: has goblin = false
after clear: types = 0
current = aggressive
action = attack
current = aggressive
action = attack
current = aggressive
action = attack
current = aggressive
action = attack
has fast = true
strategies = 2
removed slow = true
after clear: current = nil
has fast = true
strategies = 2
removed slow = true
after clear: current = nil
has fast = true
strategies = 2
removed slow = true
after clear: current = nil
has fast = true
strategies = 2
removed slow = true
after clear: current = nil
  enter idle
current = idle
  exit idle
  enter walk
current = walk
  walking dt=0.016
  enter idle
current = idle
  exit idle
  enter walk
current = walk
  walking dt=0.016
  enter idle
current = idle
  exit idle
  enter walk
current = walk
  walking dt=0.016
  enter idle
current = idle
  exit idle
  enter walk
current = walk
  walking dt=0.016
has menu = true
has quit = false
states = 3
after clear = 0
has menu = true
has quit = false
states = 3
after clear = 0
has menu = true
has quit = false
states = 3
after clear = 0
after add: 10
after mul: 20
after undo: 10
after undo2: 0
after redo: 10
after add: 10
after mul: 20
after undo: 10
after undo2: 0
after redo: 10
after add: 10
after mul: 20
after undo: 10
after undo2: 0
after redo: 10
after add: 10
after mul: 20
after undo: 10
after undo2: 0
after redo: 10
can undo = true
can redo = false
current = step2
history = 2
after clear = 0
can undo = true
can redo = false
current = step2
history = 2
after clear = 0
can undo = true
can redo = false
current = step2
history = 2
after clear = 0
can undo = true
can redo = false
current = step2
history = 2
after clear = 0
can undo = true
can redo = false
current = step2
history = 2
after clear = 0
nodes = 5
nodes = 5
nodes = 5
nodes = 5
  attacking enemy!
tick result = success
no enemy result = failure
state reset
  attacking enemy!
tick result = success
no enemy result = failure
state reset
  attacking enemy!
tick result = success
no enemy result = failure
state reset
parallel node created, count = 5
after clear = 0
parallel node created, count = 5
after clear = 0
parallel node created, count = 5
after clear = 0
parallel node created, count = 5
after clear = 0
health = 100
weapon = sword
has alive = true
has mana = false
keys = 3
health = 100
weapon = sword
has alive = true
has mana = false
keys = 3
  state: none Ôćĺ idle
  state: idle Ôćĺ combat
health after combat = 90
current state = combat
chosen action = swing sword
strategy = melee
health = 100
weapon = sword
has alive = true
has mana = false
keys = 3
health = 100
weapon = sword
has alive = true
has mana = false
keys = 3
health = 100
weapon = sword
has alive = true
has mana = false
keys = 3
  score changed to 0
  score changed to 100
revision = 2
snapshot score = 100
after clear: has score = false
after clearAll: keys = 0
  score changed to 0
  score changed to 100
revision = 2
snapshot score = 100
after clear: has score = false
after clearAll: keys = 0
  score changed to 0
  score changed to 100
revision = 2
snapshot score = 100
after clear: has score = false
after clearAll: keys = 0
  score changed to 0
  score changed to 100
revision = 2
snapshot score = 100
after clear: has score = false
after clearAll: keys = 0
  score changed to 0
  score changed to 100
revision = 2
snapshot score = 100
after clear: has score = false
after clearAll: keys = 0
  score changed to 0
  score changed to 100
revision = 2
snapshot score = 100
after clear: has score = false
after clearAll: keys = 0
  hp changed to 100
  hp changed to 75
hp = 75
hp after unsub = 50
  hp changed to 100
  hp changed to 75
hp = 75
hp after unsub = 50
  hp changed to 100
  hp changed to 75
hp = 75
hp after unsub = 50
  hp changed to 100
  hp changed to 75
hp = 75
hp after unsub = 50
  hp changed to 100
  hp changed to 75
hp = 75
hp after unsub = 50
subs = 1
  score = 100
after once-fire: subs = 0
  damage: 25 from fire
  log: took 25 damage
  log: took 10 damage
  damage: 25 from fire
  log: took 25 damage
  log: took 10 damage
  FPS avg = 60
ring len = 60
ring avg = 60
  damage: 25 from fire
  log: took 25 damage
  log: took 10 damage
  damage: 25 from fire
  log: took 25 damage
  log: took 10 damage
spawn listeners = 2
events = 2
after clear spawn: 0
after clearAll: events = 0
spawn listeners = 2
events = 2
after clear spawn: 0
after clearAll: events = 0
spawn listeners = 2
events = 2
after clear spawn: 0
after clearAll: events = 0
spawn listeners = 2
events = 2
after clear spawn: 0
after clearAll: events = 0
  ui handler: health_update = 80
  game handler: level_complete
  ui handler: health_update = 80
  game handler: level_complete
  ui handler: health_update = 80
  game handler: level_complete
  ui handler: health_update = 80
  game handler: level_complete
channels = 3
audio handlers = 1
after remove: channels = 2
after clear: channels = 0
channels = 3
audio handlers = 1
after remove: channels = 2
after clear: channels = 0
channels = 3
audio handlers = 1
after remove: channels = 2
after clear: channels = 0
channels = 3
audio handlers = 1
after remove: channels = 2
after clear: channels = 0
channels = 3
audio handlers = 1
after remove: channels = 2
after clear: channels = 0
pending = true
  debounce fired!
fire count = 1
pending = true
  debounce fired!
fire count = 1
pending = true
  debounce fired!
fire count = 1
pending = true
  debounce fired!
fire count = 1
pending = true
after cancel: pending = false
fire count = 0
pending = true
after cancel: pending = false
fire count = 0
pending = true
after cancel: pending = false
fire count = 0
fires over 1s at 0.2 interval = 5
fire count = 5
fires over 1s at 0.2 interval = 5
fire count = 5
fires over 1s at 0.2 interval = 5
fire count = 5
fires over 1s at 0.2 interval = 5
fire count = 5
progress = 0
after reset progress = 0
disabled progress = 0
progress = 0
after reset progress = 0
disabled progress = 0
progress = 0
after reset progress = 0
disabled progress = 0
pending = 3
  flushed 3 entries
    fire = 10
    ice = 5
    fire = 8
flush count = 1
pending = 3
  flushed 3 entries
    fire = 10
    ice = 5
    fire = 8
flush count = 1
pending = 3
  flushed 3 entries
    fire = 10
    ice = 5
    fire = 8
flush count = 1
pending = 3
  flushed 3 entries
    fire = 10
    ice = 5
    fire = 8
flush count = 1
  UI: damage_total = 85
total damage = 85
funnel pending = 0
  manual flush: 2
flush count = 1
after discard: pending = 0
  manual flush: 2
flush count = 1
after discard: pending = 0
  manual flush: 2
flush count = 1
after discard: pending = 0
  manual flush: 2
flush count = 1
after discard: pending = 0
nodes = 3 edges = 2
nodes = 3 edges = 2
nodes = 3 edges = 2
nodes = 3 edges = 2
nodes = 3 edges = 2
BFS from start = 3 nodes
DFS from start = 3 nodes
startÔćĺend connected = true
startÔćĺisolated connected = false
mid neighbors = 2
has n1 = true
BFS from start = 3 nodes
DFS from start = 3 nodes
startÔćĺend connected = true
startÔćĺisolated connected = false
mid neighbors = 2
has n1 = true
BFS from start = 3 nodes
DFS from start = 3 nodes
startÔćĺend connected = true
startÔćĺisolated connected = false
mid neighbors = 2
has n1 = true
BFS from start = 3 nodes
DFS from start = 3 nodes
startÔćĺend connected = true
startÔćĺisolated connected = false
mid neighbors = 2
has n1 = true
BFS from start = 3 nodes
DFS from start = 3 nodes
startÔćĺend connected = true
startÔćĺisolated connected = false
mid neighbors = 2
has n1 = true
room size = 10
after edge remove: edges = 0
after node remove: nodes = 1
after clear: nodes = 0
room size = 10
after edge remove: edges = 0
after node remove: nodes = 1
after clear: nodes = 0
room size = 10
after edge remove: edges = 0
after node remove: nodes = 1
after clear: nodes = 0
room size = 10
after edge remove: edges = 0
after node remove: nodes = 1
after clear: nodes = 0
len = 3
get(2) = beta
indexOf beta = 2
after remove: len = 2
len = 3
get(2) = beta
indexOf beta = 2
after remove: len = 2
len = 3
get(2) = beta
indexOf beta = 2
after remove: len = 2
len = 3
get(2) = beta
indexOf beta = 2
after remove: len = 2
len = 3
get(2) = beta
indexOf beta = 2
after remove: len = 2
len = 3
get(2) = beta
indexOf beta = 2
after remove: len = 2
contains x = true
shifted = first
popped = c
array len = 3
empty = true
contains x = true
shifted = first
popped = c
array len = 3
empty = true
contains x = true
shifted = first
popped = c
array len = 3
empty = true
contains x = true
shifted = first
popped = c
array len = 3
empty = true
contains x = true
shifted = first
popped = c
array len = 3
empty = true
contains x = true
shifted = first
popped = c
array len = 3
empty = true
contains x = true
shifted = first
popped = c
array len = 3
empty = true
contains x = true
shifted = first
popped = c
array len = 3
empty = true
contains x = true
shifted = first
popped = c
array len = 3
empty = true
contains x = true
shifted = first
popped = c
array len = 3
empty = true
name = hero
has level = true
len = 3
keys = 2
values = 2
name = hero
has level = true
len = 3
keys = 2
values = 2
  move step: 1
  move step: 2
pos = 150,230
  move step: 3
after undo = 150,200
  move step: 4
after redo = 150,230
name = hero
has level = true
len = 3
keys = 2
values = 2
name = hero
has level = true
len = 3
keys = 2
values = 2
name = hero
has level = true
len = 3
keys = 2
values = 2
name = hero
has level = true
len = 3
keys = 2
values = 2
name = hero
has level = true
len = 3
keys = 2
values = 2
name = hero
has level = true
len = 3
keys = 2
values = 2
after merge: b = 99
entries = 3
empty = false
after clear: empty = true
after merge: b = 99
entries = 3
empty = false
after clear: empty = true
after merge: b = 99
entries = 3
empty = false
after clear: empty = true
after merge: b = 99
entries = 3
empty = false
after clear: empty = true
added = true
dup = false
has fire = true
len = 3
array = 2
added = true
dup = false
has fire = true
len = 3
array = 2
added = true
dup = false
has fire = true
len = 3
array = 2
added = true
dup = false
has fire = true
len = 3
array = 2
added = true
dup = false
has fire = true
len = 3
array = 2
added = true
dup = false
has fire = true
len = 3
array = 2
union = 4
intersection = 2
empty = true
union = 4
intersection = 2
empty = true
union = 4
intersection = 2
empty = true
union = 4
intersection = 2
empty = true
peek = third
len = 3
popped = third
empty = false
peek = third
len = 3
popped = third
empty = false
peek = third
len = 3
popped = third
empty = false
peek = third
len = 3
popped = third
empty = false
peek = third
len = 3
popped = third
empty = false
peek = third
len = 3
popped = third
empty = false
bottom = z
at 2 = a
removed = x
popped many = 2
full = false
array = 4
empty = true
bottom = z
at 2 = a
removed = x
popped many = 2
full = false
array = 4
empty = true
bottom = z
at 2 = a
removed = x
popped many = 2
full = false
array = 4
empty = true
bottom = z
at 2 = a
removed = x
popped many = 2
full = false
array = 4
empty = true
bottom = z
at 2 = a
removed = x
popped many = 2
full = false
array = 4
empty = true
bottom = z
at 2 = a
removed = x
popped many = 2
full = false
array = 4
empty = true
bottom = z
at 2 = a
removed = x
popped many = 2
full = false
array = 4
empty = true
bottom = z
at 2 = a
removed = x
popped many = 2
full = false
array = 4
empty = true
bottom = z
at 2 = a
removed = x
popped many = 2
full = false
array = 4
empty = true
bottom = z
at 2 = a
removed = x
popped many = 2
full = false
array = 4
empty = true
bottom = z
at 2 = a
removed = x
popped many = 2
full = false
array = 4
empty = true
front = msg1
back = msg3
len = 3
dequeued = msg1
empty = false
front = msg1
back = msg3
len = 3
dequeued = msg1
empty = false
front = msg1
back = msg3
len = 3
dequeued = msg1
empty = false
front = msg1
back = msg3
len = 3
dequeued = msg1
empty = false
front = msg1
back = msg3
len = 3
dequeued = msg1
empty = false
front = msg1
back = msg3
len = 3
dequeued = msg1
empty = false
front = msg1
back = msg3
len = 3
dequeued = msg1
empty = false
front = priority
dequeued back = c
at 2 = inserted
removed = inserted
full = false
array = 3
empty = true
front = priority
dequeued back = c
at 2 = inserted
removed = inserted
full = false
array = 3
empty = true
front = priority
dequeued back = c
at 2 = inserted
removed = inserted
full = false
array = 3
empty = true
front = priority
dequeued back = c
at 2 = inserted
removed = inserted
full = false
array = 3
empty = true
front = priority
dequeued back = c
at 2 = inserted
removed = inserted
full = false
array = 3
empty = true
front = priority
dequeued back = c
at 2 = inserted
removed = inserted
full = false
array = 3
empty = true
front = priority
dequeued back = c
at 2 = inserted
removed = inserted
full = false
array = 3
empty = true
front = priority
dequeued back = c
at 2 = inserted
removed = inserted
full = false
array = 3
empty = true
len = 3
peek = high_task
popped = high_task
after pop: len = 2
empty = false
after clear: empty = true
len = 3
peek = high_task
popped = high_task
after pop: len = 2
empty = false
after clear: empty = true
len = 3
peek = high_task
popped = high_task
after pop: len = 2
empty = false
after clear: empty = true
len = 3
peek = high_task
popped = high_task
after pop: len = 2
empty = false
after clear: empty = true
len = 3
peek = high_task
popped = high_task
after pop: len = 2
empty = false
after clear: empty = true
len = 3
peek = high_task
popped = high_task
after pop: len = 2
empty = false
after clear: empty = true
len = 3
peek = high_task
popped = high_task
after pop: len = 2
empty = false
after clear: empty = true
len = 5
full = true
latest value = 61
sum = 300
average = 60
overwrote oldest, len = 5
array entries = 5
after clear: len = 0
len = 5
full = true
latest value = 61
sum = 300
average = 60
overwrote oldest, len = 5
array entries = 5
after clear: len = 0
len = 5
full = true
latest value = 61
sum = 300
average = 60
overwrote oldest, len = 5
array entries = 5
after clear: len = 0
len = 5
full = true
latest value = 61
sum = 300
average = 60
overwrote oldest, len = 5
array entries = 5
after clear: len = 0
len = 5
full = true
latest value = 61
sum = 300
average = 60
overwrote oldest, len = 5
array entries = 5
after clear: len = 0
len = 5
full = true
latest value = 61
sum = 300
average = 60
overwrote oldest, len = 5
array entries = 5
after clear: len = 0
len = 5
full = true
latest value = 61
sum = 300
average = 60
overwrote oldest, len = 5
array entries = 5
after clear: len = 0
len = 5
full = true
latest value = 61
sum = 300
average = 60
overwrote oldest, len = 5
array entries = 5
after clear: len = 0
len = 5
full = true
latest value = 61
sum = 300
average = 60
overwrote oldest, len = 5
array entries = 5
after clear: len = 0
items = 3
total weight = 14
picked = common
multi picks = 2
items = 3
total weight = 14
picked = common
multi picks = 2
items = 3
total weight = 14
picked = common
multi picks = 2
items = 3
total weight = 14
picked = common
multi picks = 2
items = 3
total weight = 14
picked = common
multi picks = 2
items = 3
total weight = 14
picked = common
multi picks = 2
revision = 3
after remove: len = 1
empty = false
after clear: empty = true
revision = 3
after remove: len = 1
empty = false
after clear: empty = true
revision = 3
after remove: len = 1
empty = false
after clear: empty = true
revision = 3
after remove: len = 1
empty = false
after clear: empty = true
revision = 3
after remove: len = 1
empty = false
after clear: empty = true
1Ôćĺ2 = 50
1Ôćĺ3 = -20
adjusted 1Ôćĺ2 = 60
1Ôćĺ2 = 50
1Ôćĺ3 = -20
adjusted 1Ôćĺ2 = 60
1Ôćĺ2 = 50
1Ôćĺ3 = -20
adjusted 1Ôćĺ2 = 60
1Ôćĺ2 = 50
1Ôćĺ3 = -20
adjusted 1Ôćĺ2 = 60
1Ôćĺ2 friendship = friendly
1Ôćĺ3 friendship = hostile
types = 1
pairs = 2
after remove: pairs = 1
after removeType: types = 0
1Ôćĺ2 friendship = friendly
1Ôćĺ3 friendship = hostile
types = 1
pairs = 2
after remove: pairs = 1
after removeType: types = 0
1Ôćĺ2 friendship = friendly
1Ôćĺ3 friendship = hostile
types = 1
pairs = 2
after remove: pairs = 1
after removeType: types = 0
1Ôćĺ2 friendship = friendly
1Ôćĺ3 friendship = hostile
types = 1
pairs = 2
after remove: pairs = 1
after removeType: types = 0
1Ôćĺ2 friendship = friendly
1Ôćĺ3 friendship = hostile
types = 1
pairs = 2
after remove: pairs = 1
after removeType: types = 0
1Ôćĺ2 friendship = friendly
1Ôćĺ3 friendship = hostile
types = 1
pairs = 2
after remove: pairs = 1
after removeType: types = 0
1Ôćĺ2 friendship = friendly
1Ôćĺ3 friendship = hostile
types = 1
pairs = 2
after remove: pairs = 1
after removeType: types = 0
  bullets fired: 5
pool active = 5
pool available = 15
quest nodes = 4
quest edges = 8
quest reward = potion
next quest = boss
load order count = 0
node_count=3
node_count=3
node_count=3
before_clear=3
after_clear=0
total=3
available=3
active=1
total=3
available=3
active=1
total=3
available=3
active=1
enter idle
tick idle dt=0.016
current=idle
current=attack
content/examples/patterns.lua
gravity = 0, 400
new gravity = 0, 800
gravity = 0, 400
new gravity = 0, 800
gravity = 0, 400
new gravity = 0, 800
stepped twice at 60fps
fixed step leftover = 0.008333332836628
stepped twice at 60fps
fixed step leftover = 0.008333332836628
meter = 64 px
128px = 2m
2m = 128px
meter = 64 px
128px = 2m
2m = 128px
meter = 64 px
128px = 2m
2m = 128px
meter = 64 px
128px = 2m
2m = 128px
solver iterations = 8
solver iterations = 8
pos = 100, 50
type = dynamic
id = 0
after step: y = 50.069442749023
ball pos = 200, 100
ball w = 32 h = 32
bodies in explosion area = 0
floor type = static
platform type = kinematic
trigger type = sensor
velocity = 50, -100
pos = 200, 100
velocity = 50, -100
pos = 200, 100
velocity = 50, -100
pos = 200, 100
angle = 0.78539818525314
angular vel = 2
angle = 0.78539818525314
angular vel = 2
angle = 0.78539818525314
angular vel = 2
angle = 0.78539818525314
angular vel = 2
mass = 5
friction = 0.80000001192093
restitution = 0.60000002384186
mass = 5
friction = 0.80000001192093
restitution = 0.60000002384186
mass = 5
friction = 0.80000001192093
restitution = 0.60000002384186
mass = 5
friction = 0.80000001192093
restitution = 0.60000002384186
mass = 5
friction = 0.80000001192093
restitution = 0.60000002384186
mass = 5
friction = 0.80000001192093
restitution = 0.60000002384186
linear damp = 0.5
angular damp = 0.30000001192093
linear damp = 0.5
angular damp = 0.30000001192093
linear damp = 0.5
angular damp = 0.30000001192093
linear damp = 0.5
angular damp = 0.30000001192093
normal gravity = 1
floaty gravity = 0.20000000298023
inverted gravity = -1
normal gravity = 1
floaty gravity = 0.20000000298023
inverted gravity = -1
after forces: vx=0.0053051649592817 vy=-200.00262451172
angular vel = -0.00020159623818472
after forces: vx=0.0053051649592817 vy=-200.00262451172
angular vel = -0.00020159623818472
after forces: vx=0.0053051649592817 vy=-200.00262451172
angular vel = -0.00020159623818472
after forces: vx=0.0053051649592817 vy=-200.00262451172
angular vel = -0.00020159623818472
after forces: vx=0.0053051649592817 vy=-200.00262451172
angular vel = -0.00020159623818472
is bullet = true
fixed rotation = true
is bullet = true
fixed rotation = true
is bullet = true
fixed rotation = true
is bullet = true
fixed rotation = true
type = kinematic
layer = 2
mask = 1
type = kinematic
layer = 2
mask = 1
type = kinematic
layer = 2
mask = 1
type = kinematic
layer = 2
mask = 1
type = kinematic
layer = 2
mask = 1
type = kinematic
layer = 2
mask = 1
sleeping allowed = true
sleeping = true
sleeping after wake = false
sleeping allowed = true
sleeping = true
sleeping after wake = false
sleeping allowed = true
sleeping = true
sleeping after wake = false
sleeping allowed = true
sleeping = true
sleeping after wake = false
sleeping allowed = true
sleeping = true
sleeping after wake = false
bodies = 3
bodies = 4
after destroy = 4
bodies = 3
bodies = 4
after destroy = 4
type = LBody
is LBody = true
is Object = true
type = LBody
is LBody = true
is Object = true
type = LWorld
is LWorld = true
type = LWorld
is LWorld = true
type = circle
bounding box = -16,-16,16,16
radius = 16
type = rectangle
bounding box = -32,-16,32,16
polygon type = polygon
poly bounds = -15,-20,15,15
edge type = edge
edge bounds = 0,0,100,0
open chain type = chain
closed chain type = chain
body with shape: 200, 200.06942749023
density set
friction set
restitution set
sensor flag set
fixture friction updated
fixture restitution updated
fixture sensor updated
polygon body at 100, 200
edge body at 0, 500
chain body at 0, 500
name = build
name = build
renamed = deploy
name = build
renamed = deploy
step name = compile
step name = compile
hello world
success = true
completed = 2
parse deps = 1
report depends on: parse
parse deps = 1
success = true
completed = c, a, b
failed count = 0
duration = 0
step count = 3
  gamma
  alpha
  beta
found = beta
step count = 3
  beta
  gamma
  alpha
found = beta
step count = 3
  beta
  gamma
  alpha
found = beta
before = 3
after remove = 2
after clear = 0
before = 3
after remove = 2
after clear = 0
order: load -> transform -> save
tiers = 2
tier 1: table: 0x026c8d785be0
tier 2: table: 0x026c8d785a00
valid = false
  error: step 'b' depends on 'missing_step' which does not exist
mode = continue
success = false
failed = 1
completed = 1
mode = continue
success = false
failed = 1
completed = 1
Pipeline: "graph"
  L0: [init]
  L1: [process <-- init]
  L2: [finish <-- process]
table name = serialize
steps = 2
x runs
y runs
table name = serialize
steps = 2
x runs
y runs
simplex2d = -0.56559681892395
perlin = 0.25
tiled same = 0.25
noise map length = 4096
sample [1] = 0
sample [100] = 0.052468460481771
parallel map length = 65536
heightmap: 128x128
cells count = 16384
range = 0 to 1
cave cells = 4800
walls = 1740 empty = 3060
cave heightmap: 64x64
sample = 1
flood filled cells = 4
rooms = 26
corridors = 25
  room 1: 1,1 size=8x9
  room 2: 1,12 size=8x9
  room 3: 1,25 size=8x13
rooms = 7
corridors = 6
grid = 60x40
grid cells = 2400
placed prefabs = 14
  boss_room at 1,1 size=10x10
  treasure_vault at 17,3 size=6x6
  library at 33,3 size=8x5
  boss_room at 43,1 size=10x10
  treasure_vault at 58,3 size=6x6
  library at 70,3 size=8x5
  boss_room at 1,14 size=10x10
  treasure_vault at 3,40 size=6x6
  library at 22,16 size=8x5
  boss_room at 18,37 size=10x10
  treasure_vault at 37,34 size=6x6
  library at 50,31 size=8x5
  boss_room at 65,30 size=10x10
  treasure_vault at 68,49 size=6x6
dungeon grid = 50x40
placed = 7
poisson points = 121
  point 1: 182.64616394043, 126.63442230225
  point 2: 170.1607208252, 116.03238677979
  point 3: 142.23872375488, 116.63145446777
  point 4: 145.91334533691, 94.901733398438
  point 5: 132.93844604492, 75.676513671875
region cells = 10000
dist1 cells = 10000
sample region = 6
sample dist = 38.327537536621
warped voronoi cells = 16384
lsystem length = 311
first 40 chars = F[+F]F[-F]F[+F[+F]F[-F]F]F[+F]F[-F]F[-F[
tree segments = 4096
first: 0,0 -> -2.1855694853912e-07,-5
wfc: 10x10
cells = 100
row 1: 3 2 2 1 2 2 2 2 2 1 
generated name = Baldric
batch names:
  Aldric
  Baldric
  Eldric
  Aldric
  Baldric
point biome = temperate_forest
  cell 1 = ocean
  cell 2 = grassland
  cell 3 = grassland
  cell 4 = ice_cap
ocean color = 30,60,150,255
desert color = 210,180,90,255
taiga color = 70,110,80,255
regions = 12
edges = 36
  region 0: Region0 at 456.61541748047,316.58605957031
  region 1: Region1 at 227.93719482422,306.02261352539
  region 2: Region2 at 45.984878540039,482.94027709961
  edge 0 -> 9 cost=78.019355773926
  edge 0 -> 4 cost=82.717483520508
  edge 0 -> 8 cost=107.94596099854
biome=temperate_forest
type=BiomeClassifier
typeOf=true
map_size=16
biome=temperate_forest
type=BiomeClassifier
typeOf=true
map_size=16
biome=temperate_forest
type=BiomeClassifier
typeOf=true
map_size=16
biome=temperate_forest
type=BiomeClassifier
typeOf=true
map_size=16
names_count=5
name_1=Doran
name_2=Beren
name_3=Caran
name_4=Alon
name_5=Elan
map_len=256
simplex3d=-0.25699687004089
content/examples/procgen.lua
registry name = world
width = 1000
height = 450
provinces = 1530
id count = 1530
first id = 1
province at 50,50 = 79
province 1 neighbors = 4
adjacency pairs = 5543
province_id = 1
revision = 0
colors set for 3 provinces
terrain type set
fog state set
visibility state set
border style set
label text set
label line set
capital set
attributes set
attrs = table: 0x026c8fdd72a0
border class assigned
border class = coast
revision = 0
changes since rev0 = 2
border segments = 29818
total spans = 31285
camera = 0, 120 zoom=0.80000001192093
map coords = 500, 225
province at center = nil
new camera = -200, -140
active = map_a
active = map_b
map_a exists = false
map rendered
type = LProvinceRegistry
is LProvinceRegistry = true
name=test_reg
metadata imported
name=test_reg
metadata imported
exists=true
got=true
active=true
exists_after=false
exists=true
got=true
active=true
exists_after=false
exists=true
got=true
active=true
exists_after=false
exists=true
got=true
active=true
exists_after=false
sanitize ok
content/examples/province.lua
size = 16x16
alias size = 32x32
cell set
cell 0,0 = 1
after setCells: 0,0 = 1
3,3 blocked = true
3,3 walk blocked = true
distance = 7
cell_value = 1
side = 0
tex_u = 0
hit pos = 15, 8
did hit = true
rays cast = 10
  ray 1: dist=7.00
  ray 2: dist=7.00
  ray 3: dist=7.00
  ray 4: dist=7.00
  ray 5: dist=7.00
  ray 6: dist=7.00
  ray 7: dist=7.00
  ray 8: dist=7.00
  ray 9: dist=7.00
  ray 10: dist=7.00
distance array = 1600
center dist = 1.00
multi hits = 2
  hit 1: dist=3.00 cell=2
  hit 2: dist=8.00 cell=1
wall alpha set
type 2 alpha = 0.5
moved = true
new pos = 4.5999999046326, 4.5
wall slide: moved=false pos=0.5,0.5
forward: 5.5,4.5 ok=true
strafe left: 5.5,3.5 ok=true
clear path = true
blocked path = false
revealed cells = 213
first: 8,8
view image created
top-down image created
depth map created
dist 0: 1.00
dist 5: 0.50
dist 9: 0.10
dist 1 height = 346.4
dist 5 height = 69.3
dist 10 height = 34.6
type = LRaycaster
is LRaycaster = true
door 1 idx = 0
door 2 idx = 1
total doors = 2
door 1: state=open open=1
after close: state=closed
after 1s: open=1.00
after close 1s: open=0.00
type = LDoorManager
is LDoorManager = true
floor at 5,5 = -0.30000001192093
ceiling at 5,5 = 0.80000001192093
floor at 0,0 = 0
ceiling at 0,0 = 1
stair start floor = 0
stair end floor = 0.69999998807907
type = LHeightMap
is LHeightMap = true
pos = 5.5, 3.5
color = 1,0.80000001192093,0.40000000596046
radius = 4
intensity = 1.5
moved to 8,8
new radius = 6
new intensity = 2
type = LPointLight
is LPointLight = true
barrel id = 1
torch id = 2
sprite manager ready
render order = 3 sprites
  draw 1: sprite entry = table: 0x026c8f2e88e0
  draw 2: sprite entry = table: 0x026c8f2e8980
  draw 3: sprite entry = table: 0x026c8f2e8ac0
sprites cleared
type = LSpriteManager
is LSpriteManager = true
line width set
line width = 5
point size = 2
point size = 2
color = 1,0,0,1
gray = 0.5,0.5,0.5,0.80000001192093
bg = 0.10000000149012,0.10000000149012,0.20000000298023,1
mask: r=true g=true b=false a=true
scissor = 50,300 200x100
cleared render commands
default blend = alpha
now = add
wireframe = false
current layer = background
bg visible = true
bg visible = false
midground z = 5
midground z = 50
depth: mode=always write=false
depth: mode=lequal write=true
filter: min=nearest mag=nearest aniso=1
filter: min=nearest mag=nearest aniso=1
dimensions = 800x600
width = 800
height = 600
drawcalls = 39
textures = 0
fonts = 6
canvases = 0
texture_memory = 0
gpu_draw_calls = 0
cpu_render_ms = 0.00
image: 64x64
dimensions: 64x64
id = 4294967298
type = LImage
is LImage = Image
released = true
id = 12884901890
type = LImage
is LImage = Image
released = true
id = 21474836482
type = LImage
is LImage = Image
released = true
id = 30064771074
type = LImage
is LImage = Image
released = true
canvas: 128x128
canvas dims: 128x128
type = LCanvas
is LCanvas = Canvas
released = true
type = LCanvas
is LCanvas = Canvas
released = true
type = LCanvas
is LCanvas = Canvas
released = true
active canvas = userdata: 0x026c8bbb5320
canvas size = 200x100
canvas reset done
q1 viewport = 0,0 16x16
texture = 64x64
type = LQuad
is LQuad = Quad
type = LQuad
is LQuad = Quad
batch capacity = 100
batch count = 10
after clear = 0
type = LSpriteBatch
is LSpriteBatch = SpriteBatch
released = true
type = LSpriteBatch
is LSpriteBatch = SpriteBatch
released = true
type = LSpriteBatch
is LSpriteBatch = SpriteBatch
released = true
insets: 4,4,4,4
source texture: 64x64
type = LNineSlice
is LNineSlice = false
queued = 3
after flush = 0
cleared, count = 0
type = LDrawLayer
is LDrawLayer = true
cleared, count = 0
type = LDrawLayer
is LDrawLayer = true
cleared, count = 0
type = LDrawLayer
is LDrawLayer = true
type = LShader
is LShader = Shader
has 'time' = false
has 'missing' = false
shader active = userdata: 0x026c8bbb22b0
shader active = userdata: 0x026c8bbb2ee0
shader active = userdata: 0x026c8bbb27b0
released = true
vertex count = 3
v1: x=10 y=10 r=1 g=0 b=0
v1: x=10 y=10 r=1 g=0 b=0
type = LMesh
is LMesh = Mesh
released = true
type = LMesh
is LMesh = Mesh
released = true
type = LMesh
is LMesh = Mesh
released = true
type = LMesh
is LMesh = Mesh
released = true
commands = 12
before clear = 2
after clear = 0
type = LShape
is LShape = false
before clear = 2
after clear = 0
type = LShape
is LShape = false
before clear = 2
after clear = 0
type = LShape
is LShape = false
faces = 36
vertices = 60
normals = 60
uvs = 60
projected vertices = 42
type = LReplSession
initial len = 0
2+2 = (ok)
history entries = 3
completions for 'my' = 0
before clear = 3
after clear = 0
history after clear = 0
empty = 0
after 1 eval = 1
after 3 evals = 3
after clear = 0
LReplSession
true
content/examples/repl.lua
type = LSaveManager
is LSaveManager = true
collected player hp = 100
collected player hp = 100
restored hp = 100
saved to test_slot
load ok = true
restored score = 9999
exists = true
after delete exists = false
slot count = 2
  slot1 v0 summary: Level 5 - Forest
  slot2 v0 summary: Level 8 - Castle
slot1 info: slot1 ts=1779212040.7569
slot count = 2
  slot1 v0 summary: Level 5 - Forest
  slot2 v0 summary: Level 8 - Castle
slot1 info: slot1 ts=1779212040.7638
dirty = false
after markDirty = true
auto-save triggered = autosave
after disable triggered = nil
dirty = false
after markDirty = true
auto-save triggered = autosave
after disable triggered = nil
dirty = false
after markDirty = true
auto-save triggered = autosave
after disable triggered = nil
dirty = false
after markDirty = true
auto-save triggered = autosave
after disable triggered = nil
dirty = false
after markDirty = true
auto-save triggered = autosave
after disable triggered = nil
schema version = 3
migrations registered for v1Ôćĺv2 and v2Ôćĺv3
schema version = 3
migrations registered for v1Ôćĺv2 and v2Ôćĺv3
schema version = 3
migrations registered for v1Ôćĺv2 and v2Ôćĺv3
summary = Chapter 3 ÔÇö The Dark Forest
updated summary = Chapter 4 ÔÇö Mountain Pass
summary = Chapter 3 ÔÇö The Dark Forest
updated summary = Chapter 4 ÔÇö Mountain Pass
compressed = false
after enable = true
after disable = false
compressed = false
after enable = true
after disable = false
restored x=10 y=20
hooks fired = 2
  before:hook_test
  after:hook_test
restored x=10 y=20
hooks fired = 2
  before:hook_test
  after:hook_test
unregistered section_a
full reset complete
unregistered section_a
full reset complete
LSaveManager
true
true
LSaveManager
true
true
content/examples/save.lua
scene created
two instances: true
title enter
after push depth = 1
title leave
level1 enter
before switch: depth=1
level1 leave
level2 enter, from=level1
after switch: depth=1
current = level2
level2 leave
has mainMenu = true
has selectedLevel = true
selectedLevel = 5
depth = 1
updates = 5
draws = 5
processes = 5
depth before popTo = 3
popTo base = true
depth after = 0
popTo missing = false
fade type = fade dur = 0.5
slide type = slideleft dur = 0.40000000596046
iris type = iris dur = 0.60000002384186
wipe type = wipe dur = 0.5
fade type = fade dur = 0.5
slide type = slideleft dur = 0.40000000596046
iris type = iris dur = 0.60000002384186
wipe type = wipe dur = 0.5
fade type = fade dur = 0.5
slide type = slideleft dur = 0.40000000596046
iris type = iris dur = 0.60000002384186
wipe type = wipe dur = 0.5
fade type = fade dur = 0.5
slide type = slideleft dur = 0.40000000596046
iris type = iris dur = 0.60000002384186
wipe type = wipe dur = 0.5
transition types = 10
  none
  fade
  slideleft
  slideright
  slideup
  slidedown
  wipe
  iris
  zoom
  crossfade
queued = 2
after clear queued = 0
overlay before push = false
pause overlay enter
overlay after push = true
stack depth = 2
after pop overlay = false
preloaded = false
loader executed (count=1)
heavy level enter
after push preloaded = true
load count = 1
active scenes = 3
stack = 0 scenes
data.level = 7
data.checkpoint = bridge
restored level = 7
type = LDepthSorter
is LDepthSorter = true
count = 3
after flush count = 0
stable = false
stable = true
sorted, count = 3
cleared count = 0
stable = false
stable = true
sorted, count = 3
cleared count = 0
stable = false
stable = true
sorted, count = 3
cleared count = 0
stable = false
stable = true
sorted, count = 3
cleared count = 0
stable = false
stable = true
sorted, count = 3
cleared count = 0
late = 3
physics = 3
registered=false
reg_def=false
reg_names=6
enter_main
stack_size=1
is_empty=false
depth=1
current=table: 0x026c8fabb2e0
layer=0
is_transitioning=false
is_overlay=false
transition_progress=0
transition_progress_eased=0
has_score=true
score=42
transition_types=10
queued=0
is_preloaded=false
snapshot=true
leave_main
cleared=true
registered=false
reg_def=false
reg_names=6
enter_main
stack_size=1
is_empty=false
depth=1
current=table: 0x026c8fabb830
layer=0
is_transitioning=false
is_overlay=false
transition_progress=0
transition_progress_eased=0
has_score=true
score=42
transition_types=10
queued=0
is_preloaded=false
snapshot=true
leave_main
cleared=true
registered=false
reg_def=false
reg_names=6
enter_main
stack_size=1
is_empty=false
depth=1
current=table: 0x026c8fabb1a0
layer=0
is_transitioning=false
is_overlay=false
transition_progress=0
transition_progress_eased=0
has_score=true
score=42
transition_types=10
queued=0
is_preloaded=false
snapshot=true
leave_main
cleared=true
registered=false
reg_def=false
reg_names=6
enter_main
stack_size=1
is_empty=false
depth=1
current=table: 0x026c8fabb4c0
layer=0
is_transitioning=false
is_overlay=false
transition_progress=0
transition_progress_eased=0
has_score=true
score=42
transition_types=10
queued=0
is_preloaded=false
snapshot=true
leave_main
cleared=true
registered=false
reg_def=false
reg_names=6
enter_main
stack_size=1
is_empty=false
depth=1
current=table: 0x026c8fabb510
layer=0
is_transitioning=false
is_overlay=false
transition_progress=0
transition_progress_eased=0
has_score=true
score=42
transition_types=10
queued=0
is_preloaded=false
snapshot=true
leave_main
cleared=true
registered=false
reg_def=false
reg_names=6
enter_main
stack_size=1
is_empty=false
depth=1
current=table: 0x026c8fabb600
layer=0
is_transitioning=false
is_overlay=false
transition_progress=0
transition_progress_eased=0
has_score=true
score=42
transition_types=10
queued=0
is_preloaded=false
snapshot=true
leave_main
cleared=true
registered=false
reg_def=false
reg_names=6
enter_main
stack_size=1
is_empty=false
depth=1
current=table: 0x026c8fabb790
layer=0
is_transitioning=false
is_overlay=false
transition_progress=0
transition_progress_eased=0
has_score=true
score=42
transition_types=10
queued=0
is_preloaded=false
snapshot=true
leave_main
cleared=true
registered=false
reg_def=false
reg_names=6
enter_main
stack_size=1
is_empty=false
depth=1
current=table: 0x026c8fabc1e0
layer=0
is_transitioning=false
is_overlay=false
transition_progress=0
transition_progress_eased=0
has_score=true
score=42
transition_types=10
queued=0
is_preloaded=false
snapshot=true
leave_main
cleared=true
registered=false
reg_def=false
reg_names=6
enter_main
stack_size=1
is_empty=false
depth=1
current=table: 0x026c8fabc410
layer=0
is_transitioning=false
is_overlay=false
transition_progress=0
transition_progress_eased=0
has_score=true
score=42
transition_types=10
queued=0
is_preloaded=false
snapshot=true
leave_main
cleared=true
registered=false
reg_def=false
reg_names=6
enter_main
stack_size=1
is_empty=false
depth=1
current=table: 0x026c8fabc910
layer=0
is_transitioning=false
is_overlay=false
transition_progress=0
transition_progress_eased=0
has_score=true
score=42
transition_types=10
queued=0
is_preloaded=false
snapshot=true
leave_main
cleared=true
registered=false
reg_def=false
reg_names=6
enter_main
stack_size=1
is_empty=false
depth=1
current=table: 0x026c8fabcaf0
layer=0
is_transitioning=false
is_overlay=false
transition_progress=0
transition_progress_eased=0
has_score=true
score=42
transition_types=10
queued=0
is_preloaded=false
snapshot=true
leave_main
cleared=true
registered=false
reg_def=false
reg_names=6
enter_main
stack_size=1
is_empty=false
depth=1
current=table: 0x026c8fabd040
layer=0
is_transitioning=false
is_overlay=false
transition_progress=0
transition_progress_eased=0
has_score=true
score=42
transition_types=10
queued=0
is_preloaded=false
snapshot=true
leave_main
cleared=true
registered=false
reg_def=false
reg_names=6
enter_main
stack_size=1
is_empty=false
depth=1
current=table: 0x026c8fabbdd0
layer=0
is_transitioning=false
is_overlay=false
transition_progress=0
transition_progress_eased=0
has_score=true
score=42
transition_types=10
queued=0
is_preloaded=false
snapshot=true
leave_main
cleared=true
registered=false
reg_def=false
reg_names=6
enter_main
stack_size=1
is_empty=false
depth=1
current=table: 0x026c8fabd090
layer=0
is_transitioning=false
is_overlay=false
transition_progress=0
transition_progress_eased=0
has_score=true
score=42
transition_types=10
queued=0
is_preloaded=false
snapshot=true
leave_main
cleared=true
registered=false
reg_def=false
reg_names=6
enter_main
stack_size=1
is_empty=false
depth=1
current=table: 0x026c8fabc2d0
layer=0
is_transitioning=false
is_overlay=false
transition_progress=0
transition_progress_eased=0
has_score=true
score=42
transition_types=10
queued=0
is_preloaded=false
snapshot=true
leave_main
cleared=true
registered=false
reg_def=false
reg_names=6
enter_main
stack_size=1
is_empty=false
depth=1
current=table: 0x026c8fabca50
layer=0
is_transitioning=false
is_overlay=false
transition_progress=0
transition_progress_eased=0
has_score=true
score=42
transition_types=10
queued=0
is_preloaded=false
snapshot=true
leave_main
cleared=true
registered=false
reg_def=false
reg_names=6
enter_main
stack_size=1
is_empty=false
depth=1
current=table: 0x026c8fabd450
layer=0
is_transitioning=false
is_overlay=false
transition_progress=0
transition_progress_eased=0
has_score=true
score=42
transition_types=10
queued=0
is_preloaded=false
snapshot=true
leave_main
cleared=true
registered=false
reg_def=false
reg_names=6
enter_main
stack_size=1
is_empty=false
depth=1
current=table: 0x026c8fabd270
layer=0
is_transitioning=false
is_overlay=false
transition_progress=0
transition_progress_eased=0
has_score=true
score=42
transition_types=10
queued=0
is_preloaded=false
snapshot=true
leave_main
cleared=true
registered=false
reg_def=false
reg_names=6
enter_main
stack_size=1
is_empty=false
depth=1
current=table: 0x026c8fabd360
layer=0
is_transitioning=false
is_overlay=false
transition_progress=0
transition_progress_eased=0
has_score=true
score=42
transition_types=10
queued=0
is_preloaded=false
snapshot=true
leave_main
cleared=true
registered=false
reg_def=false
reg_names=6
enter_main
stack_size=1
is_empty=false
depth=1
current=table: 0x026c8fab6ba0
layer=0
is_transitioning=false
is_overlay=false
transition_progress=0
transition_progress_eased=0
has_score=true
score=42
transition_types=10
queued=0
is_preloaded=false
snapshot=true
leave_main
cleared=true
registered=false
reg_def=false
reg_names=6
enter_main
stack_size=1
is_empty=false
depth=1
current=table: 0x026c8fab5d90
layer=0
is_transitioning=false
is_overlay=false
transition_progress=0
transition_progress_eased=0
has_score=true
score=42
transition_types=10
queued=0
is_preloaded=false
snapshot=true
leave_main
cleared=true
depth sorter count:	2
depth sorter count:	2
depth sorter count:	2
type:	LDepthSorter	newScene ok
type:	LDepthSorter	newScene ok
type:	LDepthSorter	newScene ok
process, processPhysics, removeData ok
process, processPhysics, removeData ok
process, processPhysics, removeData ok
render, renderUi, setCurrentLayer ok
render, renderUi, setCurrentLayer ok
render, renderUi, setCurrentLayer ok
unregisterScene ok
content/examples/scene.lua
name = warrior
level = 12
alive = true
items count = 2
encoded length = 407
title = Dungeon Quest
version = 1.2.0
window = 1920x1080
rows with headers = 3
first row name = Alice
player name = Hero
player class = warrior
display res = 1080p
gamma = 1.2
jump key = space
attack key = z
packed type = string
packed length = 89
version = 2
entities = 2
entity 1 x = 10.5
timestamp = 50
root tag = tilemap
decoded xml type = table
json encode = {"active":true,"count":42,"greeting":"hello"}
toml encode length = 44
greeting = hello
count = 42
active = true
json detected = json
toml detected = toml
csv detected = csv
valid data ok = false
valid err = : unknown schema type 'object'
invalid ok = false
invalid err = : unknown schema type 'object'
missing ok = false
missing err = : unknown schema type 'object'
width = 1280
height = 600
title = My Game
vsync = true
all defaults width = 800
all defaults height = 600
auto-detected json: auto = true
score = 99
decode ok=table: 0x026c982f71d0
msgpack ok=table: 0x026c982f7270
csv lines = 28
json = {
  "a": 1,
  "b": "hello"
}
toml = debug = false
version = "1.0"

csv lines = 28
json = {
  "a": 1,
  "b": "hello"
}
toml = debug = false
version = "1.0"

content/examples/serial.lua
type = LSkeleton
bone count = 0
slot count = 0
root bone index = 0
spine bone index = 1
body slot = 0
head slot = 1
weapon slot = 2
slot count = 3
ik constraint id = 0
IK target set
skin added
current skin = warrior
skin mapping set
current skin = warrior
current skin = mage
current skin = default
playing idle, time = 0
after 0.5s time = 0.5
walk time = 0.3
stopped time = 0.3
playing idle, time = 0
after 0.5s time = 0.5
walk time = 0.3
stopped time = 0.3
playing idle, time = 0
after 0.5s time = 0.5
walk time = 0.3
stopped time = 0.3
playing idle, time = 0
after 0.5s time = 0.5
walk time = 0.3
stopped time = 0.3
playing idle, time = 0
after 0.5s time = 0.5
walk time = 0.3
stopped time = 0.3
blended run at 50% weight
blended run at 100% weight
found arm = 1
found arm_slot = 0
root world = 200, 300
arm world = 230, 300
found arm = 1
found arm_slot = 0
root world = 200, 300
arm world = 230, 300
found arm = 1
found arm_slot = 0
root world = 200, 300
arm world = 230, 300
found arm = 1
found arm_slot = 0
root world = 200, 300
arm world = 230, 300
found arm = 1
found arm_slot = 0
root world = 200, 300
arm world = 230, 300
rendered image type = userdata
image width = 128
image height = 128
type = LSkeletonAnimation
is LSkeletonAnimation = true
duration = 0.80000001192093
timeline count = 0
full character:
  bones = 8
  slots = 6
  skin = armored
  after 10 frames, time = 0.167
  head pos = 200.0, -56.0
timeline count = 2
pose at 0.25 type = table
events in range = 3
  name=whoosh value=1
  name=hit value=2
  name=recover value=0
events 0.15-0.35 = 2
events in range = 3
  name=whoosh value=1
  name=hit value=2
  name=recover value=0
events 0.15-0.35 = 2
reversed duration = 0.60000002384186
reversed timelines = 1
loaded type = nil
skin=default
bones=2
slots=1
root_idx=0
slot_idx=0
anim_time=0
type = LSpriteSheet
frame count = 64
frame 1: x=32 y=0 w=32 h=32
frame 2: x=64 y=0 w=32 h=32
row 0 frames = 3
col 0 frames = 3
group named = idle
walk frames = 8
groups = 2
preview image width = 256
preview image height = 256
rpg sheet type = LSpriteSheet
frame count = 12
frame size = 128x64
grid = 3x4
frame 1: 128,0 128x64
atlas type = LSpriteAtlas
is LSpriteAtlas = true
entry count = 5
entries:
  player_idle_0
  player_idle_1
  player_walk_0
  player_walk_1
  player_attack_0
coin_0: x=0 y=0 w=16 h=16
rotated = false
gem_0: x=0 y=16 w=24 h=24
index 1 name = coin_0
index 3 name = coin_2
coin_0: x=0 y=0 w=16 h=16
rotated = false
gem_0: x=0 y=16 w=24 h=24
index 1 name = coin_0
index 3 name = coin_2
flip_x = true flip_y = false
still same coords: x=0 w=32
both flipped: flip_x=true flip_y=true
no flip: flip_x=false flip_y=false
aseprite atlas entries = 5
  hero_idle_0.png: 48x48 at 0,0
  hero_idle_1.png: 48x48 at 48,0
  hero_idle_2.png: 48x48 at 96,0
  hero_run_0.png: 48x48 at 0,48
  hero_run_1.png: 48x48 at 48,48
atlas sheet type = LSpriteSheet
frame count = 4
frame size = 32x32
frame 1: x=32 y=0
frame_count=0
frame_size=64x128
grid=0x0
frame0=false
row0_len=0
col0_len=0
groups=1
walk_frames=0
sheet_img=true
type=LSpriteSheet
typeOf=true
frame_count=0
frame_size=64x128
grid=0x0
frame0=false
row0_len=0
col0_len=0
groups=1
walk_frames=0
sheet_img=true
type=LSpriteSheet
typeOf=true
frame_count=0
frame_size=64x128
grid=0x0
frame0=false
row0_len=0
col0_len=0
groups=1
walk_frames=0
sheet_img=true
type=LSpriteSheet
typeOf=true
frame_count=0
frame_size=64x128
grid=0x0
frame0=false
row0_len=0
col0_len=0
groups=1
walk_frames=0
sheet_img=true
type=LSpriteSheet
typeOf=true
frame_count=0
frame_size=64x128
grid=0x0
frame0=false
row0_len=0
col0_len=0
groups=1
walk_frames=0
sheet_img=true
type=LSpriteSheet
typeOf=true
aseprite_count=2
aseprite_names=2
e0=true
entry=true
flipped=true
type=LSpriteAtlas
typeOf=true
aseprite_count=2
aseprite_names=2
e0=true
entry=true
flipped=true
type=LSpriteAtlas
typeOf=true
aseprite_count=2
aseprite_names=2
e0=true
entry=true
flipped=true
type=LSpriteAtlas
typeOf=true
aseprite_count=2
aseprite_names=2
e0=true
entry=true
flipped=true
type=LSpriteAtlas
typeOf=true
content/examples/sprite.lua
engine version = 1.0.0
engine = Lurek2D
version = 1.0.0
lua version = Lua 5.4
renderer = wgpu
os = Windows
processors = 16
memory = 30522 MiB
logical processors = 16
raw args count = 2
default parse flags = table
default parse options = table
default parse positional = 1
PATH length = 2066
home = C:\Users\tombl
missing var = nil
clipboard = Hello from Lurek2D!
open https = true
open mailto = true
runtime mode = gui
physics tick rate = 60
debug overlay = false
after enable = true
after disable = false
power state = unknown
battery = unknown
remaining = unknown
locale count = 2
  locale 1 = pl-PL
  locale 2 = en-US
passed = 3
failed = 0
skipped = 0
with stop: passed=0 failed=1 skipped=2
snapshot type = string
snapshot length = 163
snapshot has message = true
message count = 242
has engine.welcome = false
has nonexistent = false
last error = nil
os=Windows
arch=x86_64
mem_mb=30522
locales=2
power_state=unknown
os=Windows
arch=x86_64
mem_mb=30522
locales=2
power_state=unknown
os=Windows
arch=x86_64
mem_mb=30522
locales=2
power_state=unknown
log_level=info
clipboard=lurek_test
msg_count=242
has_msg=false
log_level=info
clipboard=lurek_test
msg_count=242
has_msg=false
log_level=info
clipboard=lurek_test
msg_count=242
has_msg=false
log_level=info
clipboard=lurek_test
msg_count=242
has_msg=false
log_level=info
clipboard=lurek_test
msg_count=242
has_msg=false
batch_results=true
getDebugOverlay:	false	parseArgs flags:	table	reloadConfig ok
getDebugOverlay:	false	parseArgs flags:	table	reloadConfig ok
content/examples/system.lua
type = LTerminal
dimensions = 80x40
cell(1,1) ch=72 fg=(1,1,1)
cell(1,1) ch=72 fg=(1,1,1)
after clear ch = 32
custom cell = 12x20
cell size set
reset cell = 8x14
font 16: cell = 8x14
font 12: cell = 6x10
rendered at default pos
auto-resized window to fit grid
label type = LWidget
is LWidget = true
text = Score: 0
position = 5, 3
updated text = Score: 1500
button text = Click Me
button size = 12x1
click handler set
input text = ''
set text = Hello
max length = 30
item count = 5
item 1 = Sword
item 3 = Potion
selected = 2
border style = single
new style = double
title = Inventory
panel children = 2
child 1 text = Name:
widget count = 2
after remove = 1
after clear = 0
widget count = 2
after remove = 1
after clear = 0
widget count = 2
after remove = 1
after clear = 0
widget count = 2
after remove = 1
after clear = 0
focused = false
focused = false
no focus = true
focused = false
focused = false
no focus = true
textinput consumed = true
keypressed consumed = true
mousepressed sent
textinput consumed = true
keypressed consumed = true
mousepressed sent
textinput consumed = true
keypressed consumed = true
mousepressed sent
applied solarized_dark
applied monokai
applied dracula
applied nord
applied solarized_light
prev 1 = inventory
prev 2 = status
next = inventory
history len = 3
after clear len = 0
scrollback len = 4
recent 3 lines:
  1: A torch flickers on the wall.
  2: You hear footsteps.
  3: An enemy appears!
scrollback after overflow = 100
matches for 'he':
  heal
  health
  help
matches for 'in' = 2
cycle 1 = attack
cycle 2 = attract
cycle 3 = attune
after remove = attack
span count = 2
  span 1: text='Error:' bold=true
  span 2: text=' File not found' bold=false
stripped = Success: Operation complete
length original = 36
length stripped = 27
ANSI text rendered to grid
highlighted code rendered
highlighted code2 rendered
max cols = 512
max rows = 256
color = 0.20000000298023, 0.80000001192093, 0.30000001192093, 1
visible = true
after hide = false
enabled = true
after disable = false
tag = submit_button
items = 4
after remove idx 2: items = 3
item 2 now = Cherry
after clear: items = 0
children = 3
after remove = 2
after clear = 0
type=LTerminal
typeOf=true
cell_w=6 cell_h=10
cols=80 rows=24
cell=32
widgets=1
focused=false
widgets_after=0
type=LTerminal
typeOf=true
cell_w=8 cell_h=14
cols=80 rows=24
cell=32
widgets=1
focused=false
widgets_after=0
type=LTerminal
typeOf=true
cell_w=8 cell_h=14
cols=80 rows=24
cell=32
widgets=1
focused=false
widgets_after=0
prev_cmd=nil
next_cmd=nil
scrollback_len=0
scrollback=true
stripped=Red
highlighted done
prev_cmd=nil
next_cmd=nil
scrollback_len=0
scrollback=true
stripped=Red
highlighted done
prev_cmd=nil
next_cmd=nil
scrollback_len=0
scrollback=true
stripped=Red
highlighted done
prev_cmd=nil
next_cmd=nil
scrollback_len=0
scrollback=true
stripped=Red
highlighted done
prev_cmd=nil
next_cmd=nil
scrollback_len=0
scrollback=true
stripped=Red
highlighted done
prev_cmd=nil
next_cmd=nil
scrollback_len=0
scrollback=true
stripped=Red
highlighted done
prev_cmd=nil
next_cmd=nil
scrollback_len=0
scrollback=true
stripped=Red
highlighted done
clearCompletions ok, getCompletions:	table	getMaxRows:	256
clearCompletions ok, getCompletions:	table	getMaxRows:	256
clearCompletions ok, getCompletions:	table	getMaxRows:	256
addChild/getChild/getChildCount ok, count:	1
addChild/getChild/getChildCount ok, count:	1
addChild/getChild/getChildCount ok, count:	1
clearChildren/removeChild/addItem ok
clearChildren/removeChild/addItem ok
clearChildren/removeChild/addItem ok
clearItems/getItem/getItemCount ok, item:	alpha
clearItems/getItem/getItemCount ok, item:	alpha
clearItems/getItem/getItemCount ok, item:	alpha
getColor:	255	200	100	255
getStyle:	single
getTag:	my_border
getText:	hello	getTitle:	Input	getMaxLength:	0
getText:	hello	getTitle:	Input	getMaxLength:	0
getText:	hello	getTitle:	Input	getMaxLength:	0
getPosition:	5	3	getSize:	15	8	getSelected:	1
getPosition:	5	3	getSize:	15	8	getSelected:	1
getPosition:	5	3	getSize:	15	8	getSelected:	1
before:	true
after:	false
before:	true
after:	false
type:	LWidget
typeOf LWidget:	true	typeOf LImage:	false
setColor:	255	200	100	255
setEnabled:	false
setVisible:	false
setMaxLength:	50	setPosition:	3	5	setSize:	25
setMaxLength:	50	setPosition:	3	5	setSize:	25
setMaxLength:	50	setPosition:	3	5	setSize:	25
setStyle:	double	setTag ok, setText: Confirm
setStyle:	double	setTag ok, setText: Confirm
setStyle:	double	setTag ok, setText: Confirm
type = LChannel
is LChannel = true
count = 0
bounded = false
bounded = true
capacity = 10
count = 0
pushed id: 1
count = 1
pop 1 = hello
peek = first
count after peek = 2
peek after pop = second
demand got = ready
demand timeout = nil
supply when full = false
tryPush 1 = true
pushBytes id = 1
popBytes length = 200
pushTable id = 1
popTable name = player
before clear = 3
after clear = 0
before clear = 3
after clear = 0
shared channel msg = player_died
same instance = false
type = LThread
is LThread = true
running = true
after wait running = false
result = 500500
error = nil
received: nil
received: nil
received: nil
received: nil
received: nil
type = LThreadPool
is LThreadPool = false
pool size = 4
submitted 3 tasks
collected = nil
submitted 3 tasks
collected = nil
input channel type = LChannel
output channel type = LChannel
output message = job_done
input channel type = LChannel
output channel type = LChannel
output message = job_done
join result = true
type = LPromise
is LPromise = false
done immediately = false
done = false
result = nil
error = nil
done = false
result = nil
error = nil
done = false
result = nil
error = nil
p1 done = false
p2 created = false
p3 created = false
capabilities = 4
  lurek.thread.getChannel
  lurek.fs.read
  arg
  package.path
bounded=false
capacity=nil
count=0
peeked=hello
popped=hello
table=true
bytes=true
demanded=supplied_value
try_push=true
count_after_clear=0
type=LChannel
typeOf=true
bounded=false
capacity=nil
count=0
peeked=hello
popped=hello
table=true
bytes=true
demanded=supplied_value
try_push=true
count_after_clear=0
type=LChannel
typeOf=true
bounded=false
capacity=nil
count=0
peeked=hello
popped=hello
table=true
bytes=true
demanded=supplied_value
try_push=true
count_after_clear=0
type=LChannel
typeOf=true
bounded=false
capacity=nil
count=0
peeked=hello
popped=hello
table=true
bytes=true
demanded=supplied_value
try_push=true
count_after_clear=0
type=LChannel
typeOf=true
running=true
status=done
error=nil
type=LThread
typeOf=true
running=true
status=done
error=nil
type=LThread
typeOf=true
running=true
status=done
error=nil
type=LThread
typeOf=true
running=true
status=done
error=nil
type=LThread
typeOf=true
running=true
status=done
error=nil
type=LThread
typeOf=true
LPromise type:	LPromise	typeOf:	false	LThread:wait ok
LPromise type:	LPromise	typeOf:	false	LThread:wait ok
LPromise type:	LPromise	typeOf:	false	LThread:wait ok
pool size:	3	type:	LThreadPool	typeOf:	false
pool size:	3	type:	LThreadPool	typeOf:	false
pool size:	3	type:	LThreadPool	typeOf:	false
content/examples/thread.lua
type = LTileMap
tile size = 32x32
ground layer idx = 1
layer 1 = terrain
layer count = 1
tile at 3,4 = 5
tile at 3,4 = 5
after clear = 0
fill complete, sample = 3
corner = 3
found gid=7 at 3 positions:
  x=1 y=2
  x=4 y=0
  x=7 y=8
type = LTileSet
first gid = 1
tile count = 64
tile 1 solid = true
tile 2 solid = false
tile 1 solid = true
tile 1: x=0 y=0 w=32 h=32
tile 5: x=0 y=32 w=32 h=32
animation frames = 4
  frame 1: tile=1 dur=200
  frame 2: tile=2 dur=200
  frame 3: tile=3 dur=200
  frame 4: tile=4 dur=200
tile 10 anim = nil
animation frames = 4
  frame 1: tile=1 dur=200
  frame 2: tile=2 dur=200
  frame 3: tile=3 dur=200
  frame 4: tile=4 dur=200
tile 10 anim = nil
tileset count = 2
tileset 1 first gid = 1
tileset count = 2
tileset 1 first gid = 1
tileset count = 2
tileset 1 first gid = 1
3,3 solid = true
5,5 solid = false
rect overlaps solid = true
3,3 solid = true
5,5 solid = false
rect overlaps solid = true
viewport = 0,0 800x600
scrolled viewport = 64,32
rendered at origin
rendered with offset
viewport = 0,0 800x600
scrolled viewport = 64,32
rendered at origin
rendered with offset
viewport = 0,0 800x600
scrolled viewport = 64,32
rendered at origin
rendered with offset
world(100,80) -> tile(4,3)
tile(5,3) -> world(128,64)
world(0,0) -> tile(1,1)
world(100,80) -> tile(4,3)
tile(5,3) -> world(128,64)
world(0,0) -> tile(1,1)
layer 1 visible = true
after hide = false
layer 1 visible = true
after hide = false
layer color = 0.80000001192093, 0.5, 0.5, 0.89999997615814
layer color = 0.80000001192093, 0.5, 0.5, 0.89999997615814
offset = 16, 8
offset = 16, 8
bg parallax = 0.5, 0.5
mid parallax = 0.80000001192093, 0.80000001192093
bg parallax = 0.5, 0.5
mid parallax = 0.80000001192093, 0.80000001192093
bitmask 0 -> tile 1
bitmask 15 -> tile 16
bitmask 0 -> tile 1
bitmask 15 -> tile 16
8-bit bitmask 255 -> tile 48
8-bit bitmask 0 -> tile 1
8-bit bitmask 255 -> tile 48
8-bit bitmask 0 -> tile 1
blob47 layout = blob47
blob47 tile count = 47
blob47 tile size = 16x16
minimal16 tile count = 16
delta time = 0 seconds
current FPS = 0
elapsed time = 0 seconds
total frames = 0
loop took 6.74e-05 seconds
average delta = 0
smoothed delta (alpha=0.1) = 0
physics delta = 0.016666666666667
max physics steps = 8
set to 8: 8
stepped, dt = 0.0025516
type = LScheduler
is LScheduler = true
empty = true
scheduled id = 1
after 0.3s, fired = false
repeating id = 1
tick 1
tick 2
tick 3
tick 4
final count = 4
named timer scheduled
cancelled = true
health regen tick
health regen tick
paused = true
resumed
every 2 frames
  frame 2: 1 fired
fired after 3 frames
  frame 3: 1 fired
every 2 frames
  frame 4: 1 fired
every 2 frames
  frame 6: 1 fired
every 2 frames
  frame 2: 1 fired
fired after 3 frames
  frame 3: 1 fired
every 2 frames
  frame 4: 1 fired
every 2 frames
  frame 6: 1 fired
every 2 frames
  frame 2: 1 fired
fired after 3 frames
  frame 3: 1 fired
every 2 frames
  frame 4: 1 fired
every 2 frames
  frame 6: 1 fired
count = 3
cancel id2 = true
count after = 2
cancelAll removed = 2
empty = true
count = 3
cancel id2 = true
count after = 2
cancelAll removed = 2
empty = true
paused = true
resumed, paused = false
should not fire while paused
paused = true
resumed, paused = false
should not fire while paused
paused = true
resumed, paused = false
should not fire while paused
found = true, remaining = 0.5
interval = 0.5
repeat count = 10
after reset, remaining = 0.5
found = true, remaining = 0.5
interval = 0.5
repeat count = 10
after reset, remaining = 0.5
found = true, remaining = 0.5
interval = 0.5
repeat count = 10
after reset, remaining = 0.5
found = true, remaining = 0.5
interval = 0.5
repeat count = 10
after reset, remaining = 0.5
interval changed to 0.5
time scale = 2
tick
interval changed to 0.5
time scale = 2
tick
interval changed to 0.5
time scale = 2
tick
step 1 at 0.5s
step 2 at 1.5s
step 3 at 2.0s
real timers fired = 0
sleeping 0.01s...
woke up
physics_delta=0.016666666666667
physics_max_steps=5
smoothed_delta=0.0025516
wait coroutine = dead
physics_delta=0.016666666666667
physics_max_steps=5
smoothed_delta=0.0025516
wait coroutine = dead
physics_delta=0.016666666666667
physics_max_steps=5
smoothed_delta=0.0025516
wait coroutine = dead
physics_delta=0.016666666666667
physics_max_steps=5
smoothed_delta=0.0025516
wait coroutine = dead
physics_delta=0.016666666666667
physics_max_steps=5
smoothed_delta=0.0025516
wait coroutine = dead
physics_delta=0.016666666666667
physics_max_steps=5
smoothed_delta=0.0025516
wait coroutine = dead
physics_delta=0.016666666666667
physics_max_steps=5
smoothed_delta=0.0025516
wait coroutine = dead
type=LScheduler
typeOf=true
empty=true
count=0
count_after=6
interval_id1=true
remaining_id1=true
repeat_id3=true
paused_id1=true
paused_named=true
time_scale=2
empty_after=true
type=LScheduler
typeOf=true
empty=true
count=0
count_after=6
interval_id1=true
remaining_id1=true
repeat_id3=true
paused_id1=true
paused_named=true
time_scale=2
empty_after=true
type=LScheduler
typeOf=true
empty=true
count=0
count_after=6
interval_id1=true
remaining_id1=true
repeat_id3=true
paused_id1=true
paused_named=true
time_scale=2
empty_after=true
type=LScheduler
typeOf=true
empty=true
count=0
count_after=6
interval_id1=true
remaining_id1=true
repeat_id3=true
paused_id1=true
paused_named=true
time_scale=2
empty_after=true
type=LScheduler
typeOf=true
empty=true
count=0
count_after=6
interval_id1=true
remaining_id1=true
repeat_id3=true
paused_id1=true
paused_named=true
time_scale=2
empty_after=true
type=LScheduler
typeOf=true
empty=true
count=0
count_after=6
interval_id1=true
remaining_id1=true
repeat_id3=true
paused_id1=true
paused_named=true
time_scale=2
empty_after=true
type=LScheduler
typeOf=true
empty=true
count=0
count_after=6
interval_id1=true
remaining_id1=true
repeat_id3=true
paused_id1=true
paused_named=true
time_scale=2
empty_after=true
content/examples/timer.lua
type = LTween
at 0.5s: x=50 y=25
moved to: x=0 y=0
moved to: x=0 y=0
  completed! scale=2
  update t=0.50
  cancelled
  update t=1.00
before pause: 90
while paused: 90
before pause: 90
while paused: 90
after resume: 180
before cancel: w=130.00000119209
active after cancel = false
after update: w=130.00000119209
repeat set
yoyo set
relative result: x=80 y=30
fields: b, c, a
midpoint: r=0.50 g=0.00 b=0.50
end: r=0 b=1
type = LTweenState
complete = false
at 1.0s: eased value = 0.500
raw t = 0.500
lerp(100, 200) = 150.0
complete = true
done = true
after reset, done = false
t = 0
type = LSpring
active = true
after 10 frames: x=84.8 y=42.4
settled = false
size = 100.1
retargeted size = -0.0
getPosition = -0.00069478148361668
size = 100.1
retargeted size = -0.0
getPosition = -0.00069478148361668
size = 100.1
retargeted size = -0.0
getPosition = -0.00069478148361668
size = 100.1
retargeted size = -0.0
getPosition = -0.00069478148361668
active after cancel = false
active count = 9
after cancelAll = 0
available easings: 23
custom easing at 0.5: 0.500
type = LTweenSequence
active = true
after step 1: x=100 y=0
after step 2: x=100 y=100
  delay elapsed, v=50
final v=100
fade in done: alpha=1
after delay: alpha=1
fade out done: alpha=0
  halfway callback! scale=2
  sequence complete
progress at midpoint = 0.5
active after cancel = false
progress at midpoint = 0.5
active after cancel = false
type = LTweenParallel
active = true
midpoint: x=100 y=113 rot=180
done: x=200 y=150 rot=360
  parallel group done
alpha=0 scale=3
cancelled: active=false
x=50 y=50
delay active = true
  delay complete
delay done = true
type = LButton
text = Click Me
button id = submit_btn
type = LLabel
text = Hello, World!
updated text = Score: 100
type = LPanel
child count = 0
visible = true
position = 100, 50
position = 100, 50
size = 300x200
size = 300x200
rect = 0,0 0x0
visible = true
hidden = false
hidden = false
enabled = true
disabled = false
disabled = false
alpha = 1
set to 50% = 0.5
alpha = 1
set to 50% = 0.5
animating = true
fade with hide_on_complete
fading in, animating = false
fading out
moving to 200,100 over 0.5s
sliding in from right
moving to 200,100 over 0.5s
sliding in from right
moving to 200,100 over 0.5s
sliding in from right
id = info_button
tooltip = Click for more information
id = info_button
tooltip = Click for more information
id = info_button
tooltip = Click for more information
id = info_button
tooltip = Click for more information
front z = 10
back z = 1
front z = 10
back z = 1
(75,60) inside = true
(200,200) inside = false
state = normal
root = table: 0x026c8eaa4ce0
widget count = 32
UI frame processed
type = LLayout
direction = horizontal
spacing = 0
direction = vertical
spacing = 10
direction = grid
direction = grid
align = center
align = stretch
align = center
align = stretch
justify = space-between
justify = center
justify = space-between
justify = center
wrap = false
wrap enabled = true
wrap = false
wrap enabled = true
children = 3
after remove = 2
children = 3
after remove = 2
children = 3
after remove = 2
child list length = 3
margin = 10 20 10 20
uniform = 5 5 5 5
margin = 10 20 10 20
uniform = 5 5 5 5
padding = 8 16 8 16
padding = 8 16 8 16
left grow = 1
right grow = 2
left grow = 1
right grow = 2
shrink = 0
shrink = 1
shrink = 0
shrink = 1
min = 100x50
max = 400x300
min = 100x50
max = 400x300
min = 100x50
max = 400x300
min = 100x50
max = 400x300
anchored left=10, top=10, right=10
centered in parent
anchored left=10, top=10, right=10
centered in parent
anchored left=10, top=10, right=10
centered in parent
type = LDockPanel
docked count = 2
left size = 200
docked = 1
after undock = 0
type = LSplitPanel
orientation = horizontal
split at 0.30000001192093
min panel = 100
type = LScrollPanel
content size = 1200x2000
scroll pos = 0, 100
max scroll = 944, 1808
scroll speed = 30
scroll speed = 30
found = true
type = LTextInput
text = ''
set text = Hello
placeholder = Enter your name...
placeholder = Enter your name...
cursor at = 10
focused = false
cursor at = 10
focused = false
type = LCheckbox
text = Enable Sound
checked = false
checked = true
text = Option B
unchecked = false
checked = true
text = Option B
unchecked = false
change callback registered
type = LSlider
min = 0
max = 100
value = 0
value = 0.5
clamped = 1
value = 0.5
clamped = 1
before: 0 to 10 val=5
after: 0 to 100 val=5
type = LSpinBox
value = 1
set to 50 = 50
after increment = 15
after 2 decrements = 5
after increment = 15
after 2 decrements = 5
after increment = 15
after 2 decrements = 5
clamped to range = 5
type = LSwitch
on = false
initial = true
toggled = false
forced on = true
initial = true
toggled = false
forced on = true
type = LComboBox
items = 0
item count = 4
item 2 = Normal
item 4 = Nightmare
item count = 4
item 2 = Normal
item 4 = Nightmare
item count = 4
item 2 = Normal
item 4 = Nightmare
selected index = 0
selected item = nil
after clear = 0
selected index = 0
selected item = nil
after clear = 0
selected index = 0
selected item = nil
after clear = 0
focus set, has focus = true
after clear = nil
moved focus forward
moved focus back
type = LListBox
items = 0
count = 4
item 1 = Sword
item 3 = Potion
count = 4
item 1 = Sword
item 3 = Potion
count = 4
item 1 = Sword
item 3 = Potion
selected = 2
changed to = 3
selected = 2
changed to = 3
after remove: count=2
item 2 now = Third
after clear = 0
after remove: count=2
item 2 now = Third
after clear = 0
after remove: count=2
item 2 now = Third
after clear = 0
type = LMenuBar
menu count = 0
type = LMenuItem
text = File
shortcut = Ctrl+F
checked = true
renamed = Show Grid
checked = true
renamed = Show Grid
checked = true
renamed = Show Grid
checked = true
renamed = Show Grid
File has 3 sub-items
File has 3 sub-items
menus = 3
menu indices: 3 entries
menus = 3
menu indices: 3 entries
menus = 3
menu indices: 3 entries
before remove = 1
removed = true
after remove = 0
type = LTabBar
tab count = 0
count = 4
tab 1 = General
tab 3 = Audio
count = 4
tab 1 = General
tab 3 = Audio
count = 4
tab 1 = General
tab 3 = Audio
active = 2
removed Help = true
remaining = 2
active = 2
removed Help = true
remaining = 2
active = 2
removed Help = true
remaining = 2
type = LAccordion
sections = 0
sections = 3
section 1 = Player Stats
section 2 = Inventory
sections = 3
section 1 = Player Stats
section 2 = Inventory
sections = 3
section 1 = Player Stats
section 2 = Inventory
exclusive = true
section 1 expanded = true
section 1 after toggle 2 = false
section 2 expanded = true
exclusive = true
section 1 expanded = true
section 1 after toggle 2 = false
section 2 expanded = true
exclusive = true
section 1 expanded = true
section 1 after toggle 2 = false
section 2 expanded = true
dialog title:	Confirm Action
is modal:	true
is open:	true
dialog content index:	1
new title:	Advanced Settings
after close, is open:	false
window title:	Editor
is draggable:	true
is resizable:	true
is closeable:	true
title:	Object Inspector
draggable after disable:	false
resizable after disable:	false
closeable after disable:	false
orientation:	horizontal
bold toggled:	true
bold info - enabled:	true	toggled:	true
section count:	3
section 1:	Ready
section 2:	Line: 1, Col: 1
updated section 1:	Building...
updated section 2:	3 warnings
section count after expand:	3
value:	35
min:	0
max:	100
progress (normalized):	0.35
progress at 25/50:	0.5
progress at 150/200:	0.75
new max:	200
scale mode:	fit
tint:	1	0.80000001192093	0.60000002384186	0.89999997615814
fill mode:	fill
stretch mode:	stretch
blue tint:	0.5	0.5	1	1
image size:	128	128
insets:	16	16	16	16
slices retrieved:	true
count:	5
display:	5
large count display:	99+
spacer size:	40	20
is vertical:	false
thickness:	1
new thickness:	2
vertical:	true
after toggle:	false
thickness:	3
area chart type:	LAreaChart
is area chart:	true
bar chart type:	LBarChart
line chart type:	LLineChart
pie chart type:	LPieChart
is pie chart:	true
scatter plot type:	LScatterPlot
color:	0.80000001192093	0.20000000298023	0.5	1
mode:	hsv
show alpha:	true
green set, mode:	rgb
rb1 selected:	false
rb2 selected:	true
rb2 group:	size_group
rb2 text:	Medium
total nodes:	6
root text:	Project
src depth:	1
expanded:	true
after collapse:	false
selected:	1
message:	File saved!
duration:	2.5
updated message:	Upload complete
expired:	false
tooltip text:	Click to submit form
delay:	0.5
target:	1
new text:	Updated tooltip text
theme active:	true
theme type:	LTheme
theme active:	true
theme type:	LTheme
theme active:	true
theme type:	LTheme
focused widget:	202
after focusNext:	203
after focusPrev:	202
after clear:	nil
focused widget:	204
after focusNext:	205
after focusPrev:	204
after clear:	nil
focused widget:	206
after focusNext:	207
after focusPrev:	206
after clear:	nil
active drag:	208
after drop, active drag:	nil
active drag:	210
after drop, active drag:	nil
active drag:	212
after drop, active drag:	nil
type=LAccordion
count=2
title0=Section A
expanded0=false
expanded0_after=true
exclusive=false
exclusive_after=true
type=LColorPicker
color=255,128,0,255
mode=rgb
mode_after=hsv
show_alpha=true
type=LColorPicker
color=255,128,0,255
mode=rgb
mode_after=hsv
show_alpha=true
type=LColorPicker
color=255,128,0,255
mode=rgb
mode_after=hsv
show_alpha=true
type=LColorPicker
color=255,128,0,255
mode=rgb
mode_after=hsv
show_alpha=true
type=LColorPicker
color=255,128,0,255
mode=rgb
mode_after=hsv
show_alpha=true
type=LColorPicker
color=255,128,0,255
mode=rgb
mode_after=hsv
show_alpha=true
type=LColorPicker
color=255,128,0,255
mode=rgb
mode_after=hsv
show_alpha=true
type=LProgressBar
min=0
max=100
value=75
progress=0.75
max_after=200
type=LProgressBar
min=0
max=100
value=75
progress=0.75
max_after=200
type=LProgressBar
min=0
max=100
value=75
progress=0.75
max_after=200
type=LProgressBar
min=0
max=100
value=75
progress=0.75
max_after=200
type=LProgressBar
min=0
max=100
value=75
progress=0.75
max_after=200
type=LProgressBar
min=0
max=100
value=75
progress=0.75
max_after=200
type=LStatusBar
sections=2
window dimensions:	800	600
title:	ExamplesTest
title:	ExamplesTest
position:	0	0
new position:	0	0
mode:	800	x	600
fullscreen:	false
vsync:	1
new mode:	800	x	600	vsync:	1
is fullscreen:	false
fullscreen state:	false	desktop
after enable:	false
after disable:	false
pixel dimensions:	800	600
DPI scale:	1
native DPI scale:	1
200 pixels in logical:	200
100 logical in pixels:	100
200 pixels in logical:	200
100 logical in pixels:	100
title after config:	ExamplesTest
dimensions after config:	800	600
display count:	1
current display index:	0
display name:	Unknown
display count:	1
current display index:	0
display name:	Unknowexamples_load_all --- FAILED

failures:

---- examples_load_all stdout ----
PASS content/examples\ai.lua
PASS content/examples\animation.lua
FAIL audio.lua: runtime error: invalid parameter: value
stack traceback:
	[C]: in function 'set_effect_param'
	[string "audio.lua"]:665: in main chunk

PASS content/examples\automation.lua
FAIL camera.lua: runtime error: [string "camera.lua"]:528: attempt to concatenate local 'sr' (a nil value)
stack traceback:
	[C]: in function '__concat'
	[string "camera.lua"]:528: in main chunk
PASS content/examples\compute.lua
PASS content/examples\data.lua
FAIL dataframe.lua: runtime error: col_cast: cannot cast 'v' from float64 to f64
stack traceback:
	[C]: in ?
	[string "dataframe.lua"]:1063: in main chunk

PASS content/examples\debugbridge.lua
PASS content/examples\devtools.lua
PASS content/examples\docs.lua
PASS content/examples\ecs.lua
PASS content/examples\effect.lua
PASS content/examples\engine.lua
PASS content/examples\event.lua
PASS content/examples\filesystem.lua
FAIL globe.lua: runtime error: [string "globe.lua"]:95: attempt to concatenate field 'lon' (a nil value)
stack traceback:
	[C]: in function '__concat'
	[string "globe.lua"]:95: in main chunk
PASS content/examples\graph.lua
PASS content/examples\html.lua
PASS content/examples\i18n.lua
FAIL image.lua: LIMG: invalid magic bytes (got [137, 80, 78, 71])
stack traceback:
	[C]: in function 'loadImage'
	[string "image.lua"]:25: in main chunk

PASS content/examples\input.lua
PASS content/examples\light.lua
PASS content/examples\log.lua
FAIL math.lua: error converting Lua integer to table
stack traceback:
	[C]: in function 'polygonIntersection'
	[string "math.lua"]:380: in main chunk

PASS content/examples\minimap.lua
PASS content/examples\mods.lua
FAIL network.lua: error converting Lua nil to u32 (expected number or string coercible to number)
stack traceback:
	[C]: in function 'reconcileSnapshot'
	[string "network.lua"]:744: in main chunk

FAIL parallax.lua: runtime error: lurek.parallax.newLayer: 'texture' field is required and must be a LuaImage
stack traceback:
	[C]: in function 'newLayer'
	[string "parallax.lua"]:601: in main chunk

PASS content/examples\particle.lua
PASS content/examples\pathfind.lua
PASS content/examples\patterns.lua
FAIL physics.lua: error converting Lua nil to f32 (expected number or string coercible to number)
stack traceback:
	[C]: in function 'newBodies'
	[string "physics.lua"]:1011: in main chunk

FAIL pipeline.lua: runtime error: [string "pipeline.lua"]:401: attempt to index local 'ctx1' (a nil value)
stack traceback:
	[C]: in function '__index'
	[string "pipeline.lua"]:401: in main chunk
PASS content/examples\procgen.lua
PASS content/examples\province.lua
FAIL raycaster.lua: runtime error: [string "raycaster.lua"]:545: attempt to index field 'graphics' (a nil value)
stack traceback:
	[C]: in function '__index'
	[string "raycaster.lua"]:545: in main chunk
FAIL render.lua: runtime error: [string "render.lua"]:1200: attempt to concatenate a nil value
stack traceback:
	[C]: in function '__concat'
	[string "render.lua"]:1200: in main chunk
PASS content/examples\repl.lua
PASS content/examples\save.lua
PASS content/examples\scene.lua
PASS content/examples\serial.lua
FAIL spine.lua: runtime error: [string "spine.lua"]:622: attempt to concatenate local 'wy' (a nil value)
stack traceback:
	[C]: in function '__concat'
	[string "spine.lua"]:622: in main chunk
PASS content/examples\sprite.lua
PASS content/examples\system.lua
FAIL terminal.lua: runtime error: Widget:setOnChange: expected text box
stack traceback:
	[C]: in function 'setOnChange'
	[string "terminal.lua"]:1305: in main chunk

PASS content/examples\thread.lua
FAIL tilemap.lua: runtime error: [string "tilemap.lua"]:542: attempt to concatenate local 'id' (a nil value)
stack traceback:
	[C]: in function '__concat'
	[string "tilemap.lua"]:542: in main chunk
PASS content/examples\timer.lua
FAIL tween.lua: error converting Lua nil to f64 (expected number or string coercible to number)
stack traceback:
	[C]: in function 'tweenChain'
	[string "tween.lua"]:501: in main chunk

FAIL ui.lua: runtime error: [string "ui.lua"]:2484: attempt to concatenate a nil value
stack traceback:
	[C]: in function '__concat'
	[string "ui.lua"]:2484: in main chunk
PASS content/examples\window.lua

=== SUMMARY ===
Passed: 35/52
Failed:
  audio.lua: runtime error: invalid parameter: value
stack traceback:
	[C]: in function 'set_effect_param'
	[string "audio.lua"]:665: in main chunk

  camera.lua: runtime error: [string "camera.lua"]:528: attempt to concatenate local 'sr' (a nil value)
stack traceback:
	[C]: in function '__concat'
	[string "camera.lua"]:528: in main chunk
  dataframe.lua: runtime error: col_cast: cannot cast 'v' from float64 to f64
stack traceback:
	[C]: in ?
	[string "dataframe.lua"]:1063: in main chunk

  globe.lua: runtime error: [string "globe.lua"]:95: attempt to concatenate field 'lon' (a nil value)
stack traceback:
	[C]: in function '__concat'
	[string "globe.lua"]:95: in main chunk
  image.lua: LIMG: invalid magic bytes (got [137, 80, 78, 71])
stack traceback:
	[C]: in function 'loadImage'
	[string "image.lua"]:25: in main chunk

  math.lua: error converting Lua integer to table
stack traceback:
	[C]: in function 'polygonIntersection'
	[string "math.lua"]:380: in main chunk

  network.lua: error converting Lua nil to u32 (expected number or string coercible to number)
stack traceback:
	[C]: in function 'reconcileSnapshot'
	[string "network.lua"]:744: in main chunk

  parallax.lua: runtime error: lurek.parallax.newLayer: 'texture' field is required and must be a LuaImage
stack traceback:
	[C]: in function 'newLayer'
	[string "parallax.lua"]:601: in main chunk

  physics.lua: error converting Lua nil to f32 (expected number or string coercible to number)
stack traceback:
	[C]: in function 'newBodies'
	[string "physics.lua"]:1011: in main chunk

  pipeline.lua: runtime error: [string "pipeline.lua"]:401: attempt to index local 'ctx1' (a nil value)
stack traceback:
	[C]: in function '__index'
	[string "pipeline.lua"]:401: in main chunk
  raycaster.lua: runtime error: [string "raycaster.lua"]:545: attempt to index field 'graphics' (a nil value)
stack traceback:
	[C]: in function '__index'
	[string "raycaster.lua"]:545: in main chunk
  render.lua: runtime error: [string "render.lua"]:1200: attempt to concatenate a nil value
stack traceback:
	[C]: in function '__concat'
	[string "render.lua"]:1200: in main chunk
  spine.lua: runtime error: [string "spine.lua"]:622: attempt to concatenate local 'wy' (a nil value)
stack traceback:
	[C]: in function '__concat'
	[string "spine.lua"]:622: in main chunk
  terminal.lua: runtime error: Widget:setOnChange: expected text box
stack traceback:
	[C]: in function 'setOnChange'
	[string "terminal.lua"]:1305: in main chunk

  tilemap.lua: runtime error: [string "tilemap.lua"]:542: attempt to concatenate local 'id' (a nil value)
stack traceback:
	[C]: in function '__concat'
	[string "tilemap.lua"]:542: in main chunk
  tween.lua: error converting Lua nil to f64 (expected number or string coercible to number)
stack traceback:
	[C]: in function 'tweenChain'
	[string "tween.lua"]:501: in main chunk

  ui.lua: runtime error: [string "ui.lua"]:2484: attempt to concatenate a nil value
stack traceback:
	[C]: in function '__concat'
	[string "ui.lua"]:2484: in main chunk

thread 'examples_load_all' (19092) panicked at tests\examples_load_test.rs:71:9:
17 example file(s) failed to load
note: run with `RUST_BACKTRACE=1` environment variable to display a backtrace


failures:
    examples_load_all

test result: FAILED. 0 passed; 1 failed; 0 ignored; 0 measured; 0 filtered out; finished in 21.57s

n
display count:	1
current display index:	0
display name:	Unknown
desktop resolution:	800	600
display	0	Primary	800x600	scale:	1
desktop resolution:	800	600
display	0	Primary	800x600	scale:	1
fullscreen modes available:	0
scale mode:	none
scale x:	1	y:	1
offset:	0	0
game size:	800	x	600
scale mode:	none
scale x:	1	y:	1
offset:	0	0
game size:	800	x	600
scale mode:	none
scale x:	1	y:	1
offset:	0	0
game size:	800	x	600
game width:	800
game height:	600
game width:	800
game height:	600
has keyboard focus:	true
has mouse focus:	true
after focus call:	true
window size:	800	600	focused:	true
has keyboard focus:	true
has mouse focus:	true
after focus call:	true
mouse focus:	true	fullscreen:	false	open:	true
has keyboard focus:	true
has mouse focus:	true
after focus call:	true
title=ExamplesTest
w=800 h=600
gw=800 gh=600
pixel_w=800 pixel_h=600
dpi=1
native_dpi=1
display=0
display_count=1
display_name=Unknown
display_ori=landscape
displays_count=1
desktop_w=800 desktop_h=600
fullscreen=false
fullscreen_modes=0
pos_x=0 pos_y=0
safe_area=true
scale_info=true
scale_mode=none
theme=unknown
vsync=1
mode=true
to_pixels=100
from_pixels=100
is_maximized=false
is_minimized=false
is open:	true
is visible:	true
is resizable:	false
is maximized:	false
is minimized:	false
is open:	true
is visible:	true
is resizable:	false
is maximized:	false
is minimized:	false
is open:	true
is visible:	true
is resizable:	false
is maximized:	false
is minimized:	false
is open:	true
is visible:	true
is resizable:	false
is maximized:	false
is minimized:	false
maximized:	false
after restore:	false
minimized:	false
is open:	true
is visible:	true
is resizable:	false
is maximized:	false
is minimized:	false
maximized:	false
after restore:	false
minimized:	false
maximized:	false
after restore:	false
minimized:	false
maximized:	false
after restore:	false
minimized:	false
maximized:	false
after restore:	false
minimized:	false
vsync:	1
vsync off:	1
adaptive vsync:	1
vsync:	1
vsync off:	1
adaptive vsync:	1
display orientation:	landscape
system theme:	unknown
display orientation:	landscape
system theme:	unknown
display orientation:	landscape
system theme:	unknown
display orientation:	landscape
system theme:	unknown
display orientation:	landscape
system theme:	unknown
message box config:	Save?	Do you want to save before exit?	warning	yesno
safe area:	0	0	800	600
icon set
current DPI scale:	1
dpi changed:	1	dialog title:	Select file
current DPI scale:	1
dpi changed:	1	dialog title:	Select file
high DPI allowed:	false
title=ExamplesTest
w=800 h=600
gw=800 gh=600
pixel_w=800 pixel_h=600
dpi=1
native_dpi=1
display=0
display_count=1
display_name=Unknown
display_ori=landscape
displays_count=1
desktop_w=800 desktop_h=600
fullscreen=false
fullscreen_modes=0
pos_x=0 pos_y=0
safe_area=true
scale_info=true
scale_mode=none
theme=unknown
vsync=1
mode=true
to_pixels=100
from_pixels=100
is_maximized=false
is_minimized=false
win_title=Test Window
win_title2=Renamed Window
closeable=true
draggable=true
resizable=false
win_title=Test Window
win_title2=Renamed Window
closeable=true
draggable=true
resizable=false
win_title=Test Window
win_title2=Renamed Window
closeable=true
draggable=true
resizable=false
win_title=Test Window
win_title2=Renamed Window
closeable=true
draggable=true
resizable=false
win_title=Test Window
win_title2=Renamed Window
closeable=true
draggable=true
resizable=false
win_title=Test Window
win_title2=Renamed Window
closeable=true
draggable=true
resizable=false
win_title=Test Window
win_title2=Renamed Window
closeable=true
draggable=true
resizable=false
win_title=Test Window
win_title2=Renamed Window
closeable=true
draggable=true
resizable=false
win_title=Test Window
win_title2=Renamed Window
closeable=true
draggable=true
resizable=false
window size:	800	600	focused:	true
window size:	800	600	focused:	true
dpi changed:	1	dialog title:	Select file
content/examples/window.lua
error: test failed, to rerun pass `--test examples_load_test`
